[validthemes.live/themeforest/farmi/index-2.html]
[backblue.gif]
[fade.gif]
[index.html]
[validthemes.live/themeforest/farmi/assets/img/favicon.png]
[validthemes.live/themeforest/farmi/assets/css/font-awesome.min.css]
[validthemes.live/themeforest/farmi/assets/css/bootstrap.min.css]
[validthemes.live/themeforest/farmi/assets/css/themify-icons.css]
[validthemes.live/themeforest/farmi/assets/css/flaticon-set.css]
[validthemes.live/themeforest/farmi/assets/css/magnific-popup.css]
[validthemes.live/themeforest/farmi/assets/css/owl.carousel.min.css]
[validthemes.live/themeforest/farmi/assets/css/owl.theme.default.min.css]
[validthemes.live/themeforest/farmi/assets/css/animate.css]
[validthemes.live/themeforest/farmi/assets/css/bootsnav.css]
[validthemes.live/themeforest/farmi/assets/css/responsive.css]
[validthemes.live/themeforest/farmi/assets/img/100x100.png]
[validthemes.live/themeforest/farmi/style.css]
[validthemes.live/themeforest/farmi/index.html]
[validthemes.live/themeforest/farmi/assets/img/logo-light.png]
[validthemes.live/themeforest/farmi/assets/img/logo.png]
[validthemes.live/themeforest/farmi/index-1.html]
[validthemes.live/themeforest/farmi/index-3.html]
[validthemes.live/themeforest/farmi/about-us.html]
[validthemes.live/themeforest/farmi/services.html]
[validthemes.live/themeforest/farmi/team.html]
[validthemes.live/themeforest/farmi/contact.html]
[validthemes.live/themeforest/farmi/404.html]
[validthemes.live/themeforest/farmi/gallery.html]
[validthemes.live/themeforest/farmi/blog-standard.html]
[validthemes.live/themeforest/farmi/blog-with-sidebar.html]
[validthemes.live/themeforest/farmi/blog-2-colum.html]
[validthemes.live/themeforest/farmi/blog-3-colum.html]
[validthemes.live/themeforest/farmi/blog-single.html]
[validthemes.live/themeforest/farmi/blog-single-with-sidebar.html]
[validthemes.live/themeforest/farmi/assets/img/banner/3.jpg]
[validthemes.live/themeforest/farmi/assets/img/banner/4.jpg]
[validthemes.live/themeforest/farmi/assets/img/shape/6.png]
[validthemes.live/themeforest/farmi/assets/img/services/1.jpg]
[validthemes.live/themeforest/farmi/assets/img/services/2.jpg]
[validthemes.live/themeforest/farmi/assets/img/services/3.jpg]
[validthemes.live/themeforest/farmi/assets/img/services/4.jpg]
[validthemes.live/themeforest/farmi/assets/img/shape/12.png]
[validthemes.live/themeforest/farmi/assets/img/shape/brush-up.png]
[validthemes.live/themeforest/farmi/assets/img/about/3.jpg]
[validthemes.live/themeforest/farmi/assets/img/thumb/2.jpg]
[validthemes.live/themeforest/farmi/assets/img/thumb/1.jpg]
[validthemes.live/themeforest/farmi/assets/img/illustration/3.png]
[validthemes.live/themeforest/farmi/assets/img/clients/1.png]
[validthemes.live/themeforest/farmi/assets/img/clients/2.png]
[validthemes.live/themeforest/farmi/assets/img/clients/3.png]
[validthemes.live/themeforest/farmi/assets/img/clients/4.png]
[validthemes.live/themeforest/farmi/assets/img/clients/5.png]
[validthemes.live/themeforest/farmi/assets/img/clients/6.png]
[validthemes.live/themeforest/farmi/assets/img/shape/5.png]
[validthemes.live/themeforest/farmi/assets/img/gallery/2.jpg]
[validthemes.live/themeforest/farmi/assets/img/gallery/3.jpg]
[validthemes.live/themeforest/farmi/assets/img/gallery/5.jpg]
[validthemes.live/themeforest/farmi/assets/img/gallery/10.jpg]
[validthemes.live/themeforest/farmi/assets/img/blog/1.jpg]
[validthemes.live/themeforest/farmi/assets/img/team/4.jpg]
[validthemes.live/themeforest/farmi/assets/img/blog/2.jpg]
[validthemes.live/themeforest/farmi/assets/img/team/5.jpg]
[validthemes.live/themeforest/farmi/assets/img/blog/3.jpg]
[validthemes.live/themeforest/farmi/assets/img/team/6.jpg]
[validthemes.live/themeforest/farmi/assets/img/shape/2.png]
[validthemes.live/themeforest/farmi/assets/img/thumbs/3.jpg]
[validthemes.live/themeforest/farmi/assets/img/thumbs/5.jpg]
[validthemes.live/themeforest/farmi/assets/js/popper.min.js]
[validthemes.live/themeforest/farmi/assets/js/jquery-1.12.4.min.js]
[validthemes.live/themeforest/farmi/assets/js/jquery.appear.js]
[validthemes.live/themeforest/farmi/assets/js/jquery.easing.min.js]
[validthemes.live/themeforest/farmi/assets/js/bootstrap.min.js]
[validthemes.live/themeforest/farmi/assets/js/jquery.magnific-popup.min.js]
[validthemes.live/themeforest/farmi/assets/js/modernizr.custom.13711.js]
[validthemes.live/themeforest/farmi/assets/js/owl.carousel.min.js]
[validthemes.live/themeforest/farmi/assets/js/wow.min.js]
[validthemes.live/themeforest/farmi/assets/js/progress-bar.min.js]
[validthemes.live/themeforest/farmi/assets/js/isotope.pkgd.min.js]
[validthemes.live/themeforest/farmi/assets/js/imagesloaded.pkgd.min.js]
[validthemes.live/themeforest/farmi/assets/js/count-to.js]
[validthemes.live/themeforest/farmi/assets/js/YTPlayer.min.js]
[validthemes.live/themeforest/farmi/assets/js/loopcounter.js]
[validthemes.live/themeforest/farmi/assets/js/jquery.nice-select.min.js]
[validthemes.live/themeforest/farmi/assets/js/bootsnav.js]
[validthemes.live/themeforest/farmi/assets/js/main.js]
[validthemes.live/themeforest/farmi/index-2.html]
[validthemes.live/themeforest/farmi/assets/css/bootstrap.min.css]
[validthemes.live/themeforest/farmi/assets/fonts/fa-brands-400.eot]
[validthemes.live/themeforest/farmi/assets/fonts/fa-brands-400d41d.eot]
[validthemes.live/themeforest/farmi/assets/fonts/fa-brands-400.woff2]
[validthemes.live/themeforest/farmi/assets/fonts/fa-brands-400.woff]
[validthemes.live/themeforest/farmi/assets/fonts/fa-brands-400.ttf]
[validthemes.live/themeforest/farmi/assets/fonts/fa-regular-400.eot]
[validthemes.live/themeforest/farmi/assets/fonts/fa-regular-400d41d.eot]
[validthemes.live/themeforest/farmi/assets/fonts/fa-regular-400.woff2]
[validthemes.live/themeforest/farmi/assets/fonts/fa-regular-400.woff]
[validthemes.live/themeforest/farmi/assets/fonts/fa-regular-400.ttf]
[validthemes.live/themeforest/farmi/assets/fonts/fa-solid-900.eot]
[validthemes.live/themeforest/farmi/assets/fonts/fa-solid-900d41d.eot]
[validthemes.live/themeforest/farmi/assets/fonts/fa-solid-900.woff2]
[validthemes.live/themeforest/farmi/assets/fonts/fa-solid-900.woff]
[validthemes.live/themeforest/farmi/assets/fonts/fa-solid-900.ttf]
[validthemes.live/themeforest/farmi/assets/css/font-awesome.min.css]
[validthemes.live/themeforest/farmi/assets/fonts/themify9f24.eot]
[validthemes.live/themeforest/farmi/assets/fonts/themifyd41d.eot]
[validthemes.live/themeforest/farmi/assets/fonts/themify9f24.woff]
[validthemes.live/themeforest/farmi/assets/fonts/themify9f24.ttf]
[validthemes.live/themeforest/farmi/assets/css/themify-icons.css]
[validthemes.live/themeforest/farmi/assets/fonts/Flaticon.eot]
[validthemes.live/themeforest/farmi/assets/fonts/Flaticond41d.eot]
[validthemes.live/themeforest/farmi/assets/fonts/themify9f24.svg]
[validthemes.live/themeforest/farmi/assets/fonts/Flaticon.woff]
[validthemes.live/themeforest/farmi/assets/fonts/Flaticon.ttf]
[validthemes.live/themeforest/farmi/assets/css/flaticon-set.css]
[validthemes.live/themeforest/farmi/assets/css/magnific-popup.css]
[validthemes.live/themeforest/farmi/assets/css/owl.carousel.min.css]
[validthemes.live/themeforest/farmi/assets/css/owl.theme.default.min.css]
[validthemes.live/themeforest/farmi/assets/css/animate.css]
[validthemes.live/themeforest/farmi/assets/css/bootsnav.css]
[validthemes.live/themeforest/farmi/assets/img/shape/brush.svg]
[validthemes.live/themeforest/farmi/assets/img/shape/brush.png]
[validthemes.live/themeforest/farmi/assets/img/shape/1.png]
[validthemes.live/themeforest/farmi/assets/fonts/Flaticon.svg]
[validthemes.live/themeforest/farmi/assets/img/illustration/2.png]
[validthemes.live/themeforest/farmi/assets/img/preloader.gif]
[validthemes.live/themeforest/farmi/style.css]
[validthemes.live/themeforest/farmi/assets/css/responsive.css]
[validthemes.live/themeforest/farmi/assets/img/demo/index-1.jpg]
[validthemes.live/themeforest/farmi/assets/img/demo/index-3.jpg]
[validthemes.live/themeforest/farmi/assets/img/demo/index-2.jpg]
[validthemes.live/themeforest/farmi/index.html]
[validthemes.live/themeforest/farmi/assets/img/banner/2.jpg]
[validthemes.live/themeforest/farmi/assets/img/banner/1.jpg]
[validthemes.live/themeforest/farmi/assets/img/about/1.jpg]
[validthemes.live/themeforest/farmi/assets/img/about/2.jpg]
[validthemes.live/themeforest/farmi/assets/img/thumb/1.png]
[validthemes.live/themeforest/farmi/assets/img/thumb/2.png]
[validthemes.live/themeforest/farmi/assets/img/thumb/3.png]
[validthemes.live/themeforest/farmi/assets/img/thumb/4.png]
[validthemes.live/themeforest/farmi/assets/img/banner/7.jpg]
[validthemes.live/themeforest/farmi/assets/img/thumb/5.png]
[validthemes.live/themeforest/farmi/assets/img/gallery/1.jpg]
[validthemes.live/themeforest/farmi/assets/img/gallery/4.jpg]
[validthemes.live/themeforest/farmi/assets/img/team/1.jpg]
[validthemes.live/themeforest/farmi/assets/img/team/2.jpg]
[validthemes.live/themeforest/farmi/assets/img/team/3.jpg]
[validthemes.live/themeforest/farmi/index-1.html]
[validthemes.live/themeforest/farmi/assets/img/logo-green.png]
[validthemes.live/themeforest/farmi/assets/img/banner/13.jpg]
[validthemes.live/themeforest/farmi/assets/img/banner/15.jpg]
[validthemes.live/themeforest/farmi/assets/img/shape/4.png]
[validthemes.live/themeforest/farmi/assets/img/about/5.jpg]
[validthemes.live/themeforest/farmi/assets/img/services/11.jpg]
[validthemes.live/themeforest/farmi/assets/img/services/22.jpg]
[validthemes.live/themeforest/farmi/assets/img/services/33.jpg]
[validthemes.live/themeforest/farmi/assets/img/services/44.jpg]
[validthemes.live/themeforest/farmi/assets/img/product/1.png]
[validthemes.live/themeforest/farmi/assets/img/product/2.png]
[validthemes.live/themeforest/farmi/assets/img/product/3.png]
[validthemes.live/themeforest/farmi/assets/img/product/4.png]
[validthemes.live/themeforest/farmi/assets/img/farmers/1.jpg]
[validthemes.live/themeforest/farmi/assets/img/farmers/2.jpg]
[validthemes.live/themeforest/farmi/assets/img/farmers/3.jpg]
[validthemes.live/themeforest/farmi/index-3.html]
[validthemes.live/themeforest/farmi/assets/img/banner/8.jpg]
[validthemes.live/themeforest/farmi/assets/img/about/4.jpg]
[validthemes.live/themeforest/farmi/about-us.html]
[validthemes.live/themeforest/farmi/services.html]
[validthemes.live/themeforest/farmi/assets/img/banner/12.jpg]
[validthemes.live/themeforest/farmi/assets/img/farmers/4.jpg]
[validthemes.live/themeforest/farmi/assets/img/farmers/5.jpg]
[validthemes.live/themeforest/farmi/assets/img/farmers/6.jpg]
[validthemes.live/themeforest/farmi/team.html]
[validthemes.live/themeforest/farmi/contact.html]
[validthemes.live/themeforest/farmi/assets/img/banner/6.jpg]
[validthemes.live/themeforest/farmi/assets/img/illustration/1.png]
[validthemes.live/themeforest/farmi/404.html]
[validthemes.live/themeforest/farmi/assets/img/gallery/9.jpg]
[validthemes.live/themeforest/farmi/gallery.html]
[validthemes.live/themeforest/farmi/assets/img/banner/9.jpg]
[validthemes.live/themeforest/farmi/assets/img/blog/11.jpg]
[validthemes.live/themeforest/farmi/assets/img/blog/22.jpg]
[validthemes.live/themeforest/farmi/assets/img/blog/33.jpg]
[validthemes.live/themeforest/farmi/blog-standard.html]
[validthemes.live/themeforest/farmi/assets/img/thumbs/1.jpg]
[validthemes.live/themeforest/farmi/assets/img/thumbs/4.jpg]
[validthemes.live/themeforest/farmi/assets/img/thumbs/6.jpg]
[validthemes.live/themeforest/farmi/assets/img/thumbs/2.jpg]
[validthemes.live/themeforest/farmi/blog-with-sidebar.html]
[validthemes.live/themeforest/farmi/assets/img/blog/4.jpg]
[validthemes.live/themeforest/farmi/blog-2-colum.html]
[validthemes.live/themeforest/farmi/assets/img/blog/5.jpg]
[validthemes.live/themeforest/farmi/assets/img/blog/6.jpg]
[validthemes.live/themeforest/farmi/blog-3-colum.html]
[validthemes.live/themeforest/farmi/blog-single.html]
[validthemes.live/themeforest/farmi/blog-single-with-sidebar.html]
[validthemes.live/themeforest/farmi/assets/fonts/fa-brands-400.html]
[validthemes.live/themeforest/farmi/assets/fonts/fa-regular-400.html]
[validthemes.live/themeforest/farmi/assets/fonts/fa-solid-900.html]
[validthemes.live/themeforest/farmi/assets/fonts/themify9f24.svg]
[validthemes.live/themeforest/farmi/assets/fonts/Flaticon.svg]
[validthemes.live/themeforest/farmi/assets/css/Flaticon.html]
[validthemes.live/themeforest/farmi/assets/css/owl.video.play.html]
[validthemes.live/themeforest/farmi/assets/img/shape/brush.svg]
[validthemes.live/themeforest/farmi/assets/js/equal-height.min.html]
