[bolt.eu/en-tz/index.html]
[backblue.gif]
[fade.gif]
[index.html]
[bolt.eu/og-img.jpg]
[bolt.eu/img/business-header-desktop.jpg]
[bolt.eu/img/food-delivery-block-mobile.png]
[bolt.eu/img/food-delivery-block.png]
[bolt.eu/img/bolt-drive-iphone.png]
[bolt.eu/img/bolt-drive-video-placeholder-mobile.jpg]
[bolt.eu/img/bolt-drive-video-placeholder-desktop.jpg]
[bolt.eu/img/world-map-mobile.png]
[bolt.eu/img/ic-coins-mobile.png]
[bolt.eu/img/ic-wallet-money-man-sitting-mobile.png]
[bolt.eu/img/ic-trees-mobile.png]
[bolt.eu/img/ic-bolt-green-mobile.png]
[bolt.eu/img/ic-woman-globe-mobile.png]
[bolt.eu/img/world-map.png]
[bolt.eu/img/ic-coins.png]
[bolt.eu/img/ic-wallet-money-man-sitting.png]
[bolt.eu/img/ic-trees.png]
[bolt.eu/img/ic-bolt-green.png]
[bolt.eu/img/ic-woman-globe.png]
[bolt.eu/img/press-3-mobile.jpg]
[bolt.eu/img/press-4-mobile.jpg]
[bolt.eu/img/press-3.jpg]
[bolt.eu/img/press-4.jpg]
[bolt.eu/img/scooter-riders-horizontal.png]
[bolt.eu/img/scooter-riders-vertical.png]
[bolt.eu/img/scooters-instructions.png]
[bolt.eu/img/report-scooter-background.png]
[bolt.eu/img/scooter-safety-toolkit.png]
[bolt.eu/en-tz/sitemap-index.xml]
[bolt.eu/static/3eeff33cf8407660180b833630be1c57/c61e6/hero.jpg]
[bolt.eu/en-tz/food/courier/index.html]
[bolt.eu/en-tz/scooters/index.html]
[bolt.eu/en-tz/food/index.html]
[bolt.eu/en-tz/business/index.html]
[bolt.eu/en-tz/drive/index.html]
[bolt.eu/static/11815fce2376abd3a3c53b4e5c5da6ef/8873a/driver.jpg]
[bolt.eu/en-tz/franchise/index.html]
[bolt.eu/static/cc535a3ecf09c1d665e60df7cee44e5e/694c1/driver.jpg]
[bolt.eu/en-tz/green/index.html]
[bolt.eu/en-tz/press/index.html]
[bolt.eu/static/ad902683bc4c85845d4429d939e17fac/30985/courier.jpg]
[bolt.eu/en-tz/rider/safety/index.html]
[bolt.eu/en-tz/driver/safety/index.html]
[bolt.eu/en-tz/scooters/safety/index.html]
[bolt.eu/en-tz/scooters/safety-lab/index.html]
[bolt.eu/static/c81af25e7852aedb7c55d57e3a82eb1d/694c1/courier.jpg]
[bolt.eu/en-tz/cities/index.html]
[bolt.eu/en-tz/airports/index.html]
[bolt.eu/en-tz/cities/solutions/index.html]
[bolt.eu/static/24403d6e212e40b74bdf4e339b777a73/367b2/restaurant-store-owner.png]
[bolt.eu/static/b4825d79a42da05173f454bb2c40707e/0e604/restaurant-store-owner.png]
[bolt.eu/static/367df9432f240e3025a809504d1aa1bf/30985/fleet-owner.jpg]
[bolt.eu/static/c22a0c16a5cd9d8b031cf9357170263f/3bcee/fleet-owner.jpg]
[bolt.eu/static/9e60c8b05eaa166b7bbdd5569a555484/82a03/rides.png]
[bolt.eu/static/b4cbc4729ae9a4246a3256bce91644dc/353bd/delivery.png]
[bolt.eu/static/89e5a6f874277f9bb947802d94499aaf/165df/food.png]
[bolt.eu/static/6a8f3dd2dc5158b12a741251fdfd5aa4/19e71/car-sharing.png]
[bolt.eu/static/7c533a6f1a77c19ec2f4f367817998da/0dbb7/micromobility.png]
[bolt.eu/static/1eb21b2f076884fa2bb2751b8605b43a/490d1/business.png]
[bolt.eu/static/96975843878ac6b9af6d94a90ba9cc8e/1962d/desktop.png]
[bolt.eu/static/35a267126b456eacc2bd87663626b67a/db806/mobile.png]
[bolt.eu/static/d9ac6dd4f9aa27285c597949ba57ee1b/2b6ff/image.png]
[bolt.eu/static/2cef4c8d71491cc34bdda445a9c015e4/6ca5c/image.png]
[bolt.eu/static/1f966f6cb61040937adba9ead7162be8/2b6ff/image.png]
[bolt.eu/static/59557ca8b67d5aa91047772257cfbb29/6ca5c/image.png]
[bolt.eu/polyfill-cf0bdc3feef5e4828e4c.js]
[bolt.eu/en-tz/press/guidelines/index.html]
[bolt.eu/en-tz/cookie-declaration/index.html]
[bolt.eu/en-tz/legal/index.html]
[bolt.eu/app-c8793d2614e857c125e0.js]
[bolt.eu/en-tz/security/index.html]
[bolt.eu/en-tz/suppliers/index.html]
[bolt.eu/framework-13b3eaf41db99b109900.js]
[bolt.eu/c0d53ec4-5ff58b924218e6eb0d44.js]
[bolt.eu/en-tz/index.html]
[www.googletagmanager.com/gtm5445.html]
[bolt.eu/en-tz/food/courier/index.html]
[bolt.eu/en-tz/scooters/index.html]
[bolt.eu/en-tz/drive/index.html]
[bolt.eu/en-tz/food/index.html]
[bolt.eu/en-tz/business/index.html]
[bolt.eu/webpack-runtime-b3b9f66dbc3c9fdf6758.js]
[bolt.eu/en-tz/franchise/index.html]
[bolt.eu/static/68b0be3de6fdc4ac515e3093766ddbcb/6dde3/seedballs-logo.png]
[bolt.eu/en-tz/green/index.html]
[bolt.eu/en-tz/green/environmental-policy/index.html]
[bolt.eu/static/696758712a93cc1c6fe834e218725566/987ab/press-page-subheader-primary-image.jpg]
[bolt.eu/static/df691ce229a2e45a71834c2cf3d5ca3c/5b70c/press-page-subheader-secondary-image.jpg]
[bolt.eu/en-tz/press/index.html]
[bolt.eu/en-tz/rider/safety/index.html]
[bolt.eu/en-tz/driver/safety/index.html]
[bolt.eu/en-tz/scooters/safety/index.html]
[bolt.eu/en-tz/scooters/safety-lab/index.html]
[bolt.eu/en-tz/driver/index.html]
[bolt.eu/static/12834cf38923fd970cd11554846f463c/c8cf0/earn-money.jpg]
[bolt.eu/en-tz/cities/eisenstadt/index.html]
[bolt.eu/static/fc67f1bb2db614d35e3f5288a90b41fd/c8cf0/airport-transfer.jpg]
[bolt.eu/en-tz/cities/neusiedl-am-see/index.html]
[bolt.eu/static/37a3bf08b27d58a9240a2a2004497920/ba4ec/food-delivery.jpg]
[bolt.eu/en-tz/cities/index.html]
[bolt.eu/en-tz/cities/parndorf/index.html]
[bolt.eu/en-tz/cities/rust/index.html]
[bolt.eu/en-tz/airports/index.html]
[bolt.eu/en-tz/cities/salzburg/index.html]
[bolt.eu/en-tz/cities/podersdorf-am-see/index.html]
[bolt.eu/en-tz/cities/vienna/index.html]
[bolt.eu/en-tz/cities/baku/index.html]
[bolt.eu/static/b55293310264cdd5947181c7e43c8117/8d018/header-1-desktop.jpg]
[bolt.eu/en-tz/cities/ganja/index.html]
[bolt.eu/en-tz/cities/mingachevir/index.html]
[bolt.eu/en-tz/cities/solutions/index.html]
[bolt.eu/en-tz/cities/qabala/index.html]
[bolt.eu/en-tz/cities/shaki/index.html]
[bolt.eu/en-tz/cities/shamkir/index.html]
[bolt.eu/en-tz/cities/sumgayit/index.html]
[public-documents.bolt.eu/static/ea7ba3e1f8d9b6d6f0219f6dcb39e2be/fcb2f/og-img.jpg]
[bolt.eu/en-tz/cities/winterthur/index.html]
[bolt.eu/en-tz/cities/brussels/index.html]
[bolt.eu/en-tz/cities/zurich/index.html]
[public-documents.bolt.eu/polyfill-22afdd572915c4816153.js]
[bolt.eu/en-tz/cities/larnaca/index.html]
[bolt.eu/en-tz/cities/famagusta/index.html]
[bolt.eu/en-tz/cities/limassol/index.html]
[bolt.eu/en-tz/cities/paphos/index.html]
[bolt.eu/en-tz/cities/boskovice/index.html]
[bolt.eu/en-tz/cities/nicosia/index.html]
[public-documents.bolt.eu/app-e829e3e81f7f06678c8d.js]
[bolt.eu/en-tz/cities/cheb/index.html]
[public-documents.bolt.eu/framework-58dbfe4dd25ac8448f62.js]
[bolt.eu/en-tz/cities/brno/index.html]
[bolt.eu/en-tz/cities/frydek-mistek/index.html]
[bolt.eu/en-tz/cities/havirov/index.html]
[bolt.eu/en-tz/cities/hradec-kralove/index.html]
[bolt.eu/en-tz/cities/jablonec-nad-nisou/index.html]
[bolt.eu/en-tz/cities/jihlava/index.html]
[public-documents.bolt.eu/webpack-runtime-b2e2454dba4bfdea503e.js]
[bolt.eu/en-tz/press/guidelines/index.html]
[bolt.eu/en-tz/cities/karlovy-vary/index.html]
[bolt.eu/en-tz/cities/karvina/index.html]
[bolt.eu/en-tz/cities/kladno/index.html]
[bolt.eu/en-tz/cities/kralupy-nad-vltavou/index.html]
[bolt.eu/en-tz/cities/liberec/index.html]
[bolt.eu/static/80c03aca33210c83b2116449019a0ed3/56853/mobile-header.jpg]
[bolt.eu/en-tz/cities/mlada-boleslav/index.html]
[bolt.eu/static/5e40241eec0748eec7245fdf55b40539/6aa73/desktop-header.jpg]
[bolt.eu/en-tz/suppliers/index.html]
[bolt.eu/en-tz/cities/novy-jicin/index.html]
[bolt.eu/en-tz/cities/olomouc/index.html]
[bolt.eu/en-tz/cities/ostrava/index.html]
[bolt.eu/en-tz/legal/index.html]
[bolt.eu/en-tz/cities/pardubice/index.html]
[bolt.eu/en-tz/cookie-declaration/index.html]
[bolt.eu/en-tz/cities/plzen/index.html]
[bolt.eu/en-tz/cities/prague/index.html]
[bolt.eu/en-tz/cities/prostejov/index.html]
[bolt.eu/en-tz/security/index.html]
[bolt.eu/en-tz/cities/pribram/index.html]
[bolt.eu/en-tz/cities/tabor/index.html]
[bolt.eu/en-tz/green/environmental-policy/index.html]
[bolt.eu/en-tz/cities/augsburg/index.html]
[bolt.eu/en-tz/cities/ceske-budejovice/index.html]
[bolt.eu/en-tz/cities/berlin/index.html]
[bolt.eu/en-tz/cities/bernburg/index.html]
[bolt.eu/en-tz/cities/bochum/index.html]
[bolt.eu/en-tz/cities/bielefeld/index.html]
[bolt.eu/static/c1ea7c63d1b08bad926f4b549e05db87/43d70/how-to.png]
[bolt.eu/en-tz/cities/bonn/index.html]
[bolt.eu/en-tz/cities/braunschweig/index.html]
[bolt.eu/en-tz/cities/bruhl/index.html]
[bolt.eu/en-tz/cities/celle/index.html]
[bolt.eu/static/ff410431488cc76331bf50fd17ce3583/d0f07/start-driving-2.png]
[bolt.eu/en-tz/driver/index.html]
[bolt.eu/en-tz/cities/cologne/index.html]
[bolt.eu/en-tz/cities/darmstadt/index.html]
[bolt.eu/en-tz/cities/dortmund/index.html]
[images.ctfassets.net/tk7rwcciwvbq/5sFuNXNUd0fObgDiHqTKLo/3a762c0981fbda34a2120f7f25e878ab/category-bolt.png]
[bolt.eu/en-tz/cities/dusseldorf/index.html]
[bolt.eu/en-tz/cities/eisenstadt/index.html]
[bolt.eu/en-tz/cities/essen/index.html]
[bolt.eu/en-tz/cities/erlangen/index.html]
[bolt.eu/en-tz/cities/neusiedl-am-see/index.html]
[bolt.eu/en-tz/cities/frankfurt-am-main/index.html]
[bolt.eu/en-tz/cities/furth/index.html]
[bolt.eu/en-tz/cities/parndorf/index.html]
[bolt.eu/en-tz/cities/gifhorn/index.html]
[bolt.eu/en-tz/cities/gelsenkirchen/index.html]
[bolt.eu/en-tz/cities/podersdorf-am-see/index.html]
[bolt.eu/en-tz/cities/halle/index.html]
[bolt.eu/en-tz/cities/hamburg/index.html]
[bolt.eu/en-tz/cities/rust/index.html]
[bolt.eu/en-tz/cities/hannover/index.html]
[bolt.eu/en-tz/cities/gottingen/index.html]
[bolt.eu/en-tz/cities/herford/index.html]
[bolt.eu/en-tz/cities/heidelberg/index.html]
[images.ctfassets.net/tk7rwcciwvbq/1KcbAWcBaJBrqR5LxMgj8A/676e7091a4fc0873d542d0949fd2b777/category-minivan.png]
[bolt.eu/en-tz/cities/salzburg/index.html]
[bolt.eu/en-tz/cities/hilden/index.html]
[bolt.eu/en-tz/cities/hildesheim/index.html]
[bolt.eu/en-tz/cities/karlsruhe/index.html]
[images.ctfassets.net/tk7rwcciwvbq/72GFjpNJ4JsLk4YqV6mswj/c886f22864c0052256df09c5dbafc51d/category-premium.png]
[bolt.eu/en-tz/cities/kassel/index.html]
[images.ctfassets.net/tk7rwcciwvbq/5DtBxcZhQXqnkkNVEECpZ5/3d28f72f6ec81244624ae6c94b0a7596/Electric.png]
[bolt.eu/en-tz/cities/kiel/index.html]
[bolt.eu/en-tz/cities/laatzen/index.html]
[bolt.eu/en-tz/cities/ludwigshafen/index.html]
[images.ctfassets.net/tk7rwcciwvbq/3e86MpAyzq6upf6YMECzpn/531d56b91622999c21a91f3f69b9ab55/Pets.png]
[bolt.eu/en-tz/cities/vienna/index.html]
[bolt.eu/en-tz/cities/lubeck/index.html]
[bolt.eu/en-tz/cities/mainz/index.html]
[bolt.eu/en-tz/cities/mannheim/index.html]
[bolt.eu/en-tz/cities/munich/index.html]
[images.ctfassets.net/tk7rwcciwvbq/o1btLO5BAH3kK53Y6T3XQ/5b5fe2025640f92dbc0545a22c053e76/travel_category_icon_288x160.png]
[bolt.eu/en-tz/cities/merseburg/index.html]
[bolt.eu/en-tz/cities/monchengladbach/index.html]
[images.ctfassets.net/tk7rwcciwvbq/7ov62AugGB8X6pRV1kugsB/ec0517db8b7989262e3637717ccdce49/Booster.png]
[bolt.eu/en-tz/cities/muhlheim/index.html]
[images.ctfassets.net/tk7rwcciwvbq/X5PNeCvMLosWgeOnmKMZL/5cb98b289a9ca3ae77d4eee237ab4dc5/category-comfort.png]
[bolt.eu/en-tz/cities/munster/index.html]
[images.ctfassets.net/tk7rwcciwvbq/1hZPAK3gDLRMIWCisu2Ey7/1720554a56b7d8d5b69c805846ff541a/Delivery.png]
[bolt.eu/en-tz/cities/neuss/index.html]
[bolt.eu/en-tz/cities/baku/index.html]
[bolt.eu/en-tz/cities/oldenburg/index.html]
[bolt.eu/en-tz/cities/nuremberg/index.html]
[bolt.eu/en-tz/cities/ganja/index.html]
[bolt.eu/en-tz/cities/paderborn/index.html]
[bolt.eu/en-tz/cities/peine/index.html]
[bolt.eu/en-tz/cities/mingachevir/index.html]
[bolt.eu/en-tz/cities/reutlingen/index.html]
[bolt.eu/en-tz/cities/potsdam/index.html]
[bolt.eu/en-tz/cities/salzgitter/index.html]
[bolt.eu/en-tz/cities/qabala/index.html]
[bolt.eu/en-tz/cities/schwabach/index.html]
[bolt.eu/en-tz/cities/solingen/index.html]
[bolt.eu/en-tz/cities/stasfurt/index.html]
[bolt.eu/en-tz/cities/shaki/index.html]
[bolt.eu/en-tz/cities/stein/index.html]
[bolt.eu/en-tz/cities/shamkir/index.html]
[bolt.eu/en-tz/cities/stuttgart/index.html]
[bolt.eu/en-tz/cities/tubingen/index.html]
[bolt.eu/en-tz/cities/sumgayit/index.html]
[bolt.eu/en-tz/cities/wiesbaden/index.html]
[bolt.eu/en-tz/cities/wolfsburg/index.html]
[bolt.eu/en-tz/cities/copenhagen/index.html]
[bolt.eu/en-tz/cities/johvi/index.html]
[bolt.eu/en-tz/cities/haapsalu/index.html]
[images.ctfassets.net/tk7rwcciwvbq/4CAv1njQgXJvJlWukgADtH/05d7a166d4a78da0db2e2b97b1b8c874/category-scooter.png]
[bolt.eu/en-tz/cities/brussels/index.html]
[bolt.eu/en-tz/cities/kohtla-jarve/index.html]
[bolt.eu/en-tz/cities/narva/index.html]
[bolt.eu/en-tz/cities/winterthur/index.html]
[bolt.eu/en-tz/cities/kuressaare/index.html]
[bolt.eu/en-tz/cities/parnu/index.html]
[bolt.eu/en-tz/cities/zurich/index.html]
[bolt.eu/en-tz/cities/rakvere/index.html]
[bolt.eu/en-tz/cities/tartu/index.html]
[bolt.eu/en-tz/cities/viljandi/index.html]
[bolt.eu/en-tz/cities/tallinn/index.html]
[bolt.eu/en-tz/cities/famagusta/index.html]
[bolt.eu/en-tz/cities/voru/index.html]
[bolt.eu/en-tz/cities/larnaca/index.html]
[bolt.eu/en-tz/cities/barcelona/index.html]
[bolt.eu/en-tz/cities/madrid/index.html]
[bolt.eu/en-tz/cities/malaga/index.html]
[bolt.eu/en-tz/cities/limassol/index.html]
[bolt.eu/en-tz/cities/seville/index.html]
[bolt.eu/en-tz/cities/annecy/index.html]
[bolt.eu/en-tz/cities/zaragoza/index.html]
[bolt.eu/en-tz/cities/nicosia/index.html]
[bolt.eu/en-tz/cities/helsinki/index.html]
[bolt.eu/en-tz/cities/paphos/index.html]
[bolt.eu/en-tz/cities/bordeaux/index.html]
[bolt.eu/en-tz/cities/caen/index.html]
[bolt.eu/en-tz/cities/brest/index.html]
[bolt.eu/en-tz/cities/boskovice/index.html]
[bolt.eu/en-tz/cities/clermont-ferrand/index.html]
[bolt.eu/en-tz/cities/grenoble/index.html]
[bolt.eu/en-tz/cities/le-havre/index.html]
[images.ctfassets.net/tk7rwcciwvbq/7uiWIXZvRzYJmET234NUG1/a304b8ed4a4b4f10d9d382730aa43b8f/E-Bike.png]
[bolt.eu/en-tz/cities/brno/index.html]
[bolt.eu/en-tz/cities/lyon/index.html]
[bolt.eu/en-tz/cities/marseille/index.html]
[bolt.eu/en-tz/cities/cheb/index.html]
[bolt.eu/en-tz/cities/lille/index.html]
[bolt.eu/en-tz/cities/metz/index.html]
[bolt.eu/en-tz/cities/frydek-mistek/index.html]
[bolt.eu/en-tz/cities/montpellier/index.html]
[bolt.eu/en-tz/cities/mulhouse/index.html]
[bolt.eu/en-tz/cities/havirov/index.html]
[bolt.eu/en-tz/cities/nantes/index.html]
[bolt.eu/en-tz/cities/nimes-avignon/index.html]
[bolt.eu/en-tz/cities/nice/index.html]
[bolt.eu/en-tz/cities/hradec-kralove/index.html]
[bolt.eu/en-tz/cities/nancy/index.html]
[bolt.eu/en-tz/cities/orleans/index.html]
[bolt.eu/en-tz/cities/jablonec-nad-nisou/index.html]
[bolt.eu/en-tz/cities/reims/index.html]
[bolt.eu/en-tz/cities/paris/index.html]
[bolt.eu/en-tz/cities/jihlava/index.html]
[bolt.eu/en-tz/cities/rennes/index.html]
[bolt.eu/en-tz/cities/saint-etienne/index.html]
[bolt.eu/en-tz/cities/rouen/index.html]
[bolt.eu/en-tz/cities/karlovy-vary/index.html]
[bolt.eu/en-tz/cities/toulon/index.html]
[bolt.eu/en-tz/cities/strasbourg/index.html]
[bolt.eu/en-tz/cities/karvina/index.html]
[bolt.eu/en-tz/cities/tours/index.html]
[bolt.eu/en-tz/cities/toulouse/index.html]
[bolt.eu/en-tz/cities/bristol/index.html]
[bolt.eu/en-tz/cities/birmingham/index.html]
[bolt.eu/en-tz/cities/kladno/index.html]
[bolt.eu/en-tz/cities/cambridge/index.html]
[bolt.eu/en-tz/cities/kralupy-nad-vltavou/index.html]
[bolt.eu/en-tz/cities/cardiff/index.html]
[bolt.eu/en-tz/cities/derby/index.html]
[bolt.eu/en-tz/cities/liberec/index.html]
[bolt.eu/en-tz/cities/edinburgh/index.html]
[bolt.eu/en-tz/cities/greater-manchester/index.html]
[bolt.eu/en-tz/cities/mlada-boleslav/index.html]
[bolt.eu/en-tz/cities/london/index.html]
[bolt.eu/en-tz/cities/leicester/index.html]
[bolt.eu/en-tz/cities/novy-jicin/index.html]
[bolt.eu/en-tz/cities/milton-keynes/index.html]
[bolt.eu/en-tz/cities/newcastle/index.html]
[bolt.eu/en-tz/cities/olomouc/index.html]
[bolt.eu/en-tz/cities/nottingham/index.html]
[bolt.eu/en-tz/cities/peterborough/index.html]
[bolt.eu/en-tz/cities/ostrava/index.html]
[bolt.eu/en-tz/cities/portsmouth/index.html]
[bolt.eu/en-tz/cities/royal-borough/index.html]
[bolt.eu/en-tz/cities/pardubice/index.html]
[bolt.eu/en-tz/cities/sheffield/index.html]
[bolt.eu/en-tz/cities/southampton/index.html]
[bolt.eu/en-tz/cities/plzen/index.html]
[bolt.eu/en-tz/cities/wolverhampton/index.html]
[bolt.eu/en-tz/cities/bakuriani/index.html]
[bolt.eu/en-tz/cities/batumi/index.html]
[bolt.eu/en-tz/cities/gori/index.html]
[bolt.eu/en-tz/cities/gudauri-stepantsminda/index.html]
[images.ctfassets.net/tk7rwcciwvbq/5wa5396JebtWLPaLD4DB0S/dd698465c80a9c2721d537b0b50401f3/Protecc_updated.54.delayed]
[bolt.eu/en-tz/cities/prague/index.html]
[bolt.eu/en-tz/cities/poti/index.html]
[bolt.eu/en-tz/cities/kutaisi/index.html]
[bolt.eu/en-tz/cities/prostejov/index.html]
[bolt.eu/en-tz/cities/rustavi/index.html]
[bolt.eu/en-tz/cities/tbilisi/index.html]
[bolt.eu/en-tz/cities/pribram/index.html]
[bolt.eu/en-tz/cities/telavi/index.html]
[bolt.eu/en-tz/cities/zugdidi/index.html]
[bolt.eu/en-tz/cities/tabor/index.html]
[bolt.eu/en-tz/cities/dubrovnik/index.html]
[bolt.eu/en-tz/cities/karlovac/index.html]
[bolt.eu/en-tz/cities/ceske-budejovice/index.html]
[bolt.eu/en-tz/cities/osijek/index.html]
[bolt.eu/en-tz/cities/pula/index.html]
[bolt.eu/en-tz/cities/augsburg/index.html]
[bolt.eu/en-tz/cities/rijeka/index.html]
[bolt.eu/en-tz/cities/split/index.html]
[bolt.eu/en-tz/cities/zadar/index.html]
[bolt.eu/en-tz/cities/sibenik/index.html]
[bolt.eu/en-tz/cities/zagreb/index.html]
[images.ctfassets.net/tk7rwcciwvbq/7LvLe38rza8DIWc7aUCEw3/566eb0e9535ce0860c03272f5ca6daed/category-taxi.png]
[bolt.eu/en-tz/cities/budapest/index.html]
[bolt.eu/en-tz/cities/debrecen/index.html]
[images.ctfassets.net/tk7rwcciwvbq/toGF0I0yXenQl97hZJ0PL/f243500352cc75a5ce47652e248760b8/Drive.png]
[bolt.eu/en-tz/cities/miskolc/index.html]
[bolt.eu/en-tz/cities/berlin/index.html]
[bolt.eu/en-tz/cities/pecs/index.html]
[bolt.eu/en-tz/cities/nyiregyhaza/index.html]
[bolt.eu/en-tz/cities/bernburg/index.html]
[bolt.eu/en-tz/cities/szeged/index.html]
[bolt.eu/en-tz/cities/cork/index.html]
[bolt.eu/en-tz/cities/bielefeld/index.html]
[bolt.eu/en-tz/cities/dublin/index.html]
[bolt.eu/en-tz/cities/kilkenny/index.html]
[bolt.eu/en-tz/cities/bochum/index.html]
[bolt.eu/en-tz/cities/sligo/index.html]
[bolt.eu/en-tz/cities/milan/index.html]
[bolt.eu/en-tz/cities/bonn/index.html]
[bolt.eu/en-tz/cities/modena/index.html]
[bolt.eu/en-tz/cities/reggio-emilia/index.html]
[bolt.eu/en-tz/cities/braunschweig/index.html]
[bolt.eu/en-tz/cities/torino/index.html]
[bolt.eu/en-tz/cities/alytus/index.html]
[bolt.eu/en-tz/cities/druskininkai/index.html]
[bolt.eu/en-tz/cities/bruhl/index.html]
[bolt.eu/en-tz/cities/jonava/index.html]
[bolt.eu/en-tz/cities/kaunas/index.html]
[bolt.eu/en-tz/cities/celle/index.html]
[bolt.eu/en-tz/cities/kedainiai/index.html]
[bolt.eu/en-tz/cities/klaipeda/index.html]
[bolt.eu/en-tz/cities/cologne/index.html]
[bolt.eu/en-tz/cities/marijampole/index.html]
[bolt.eu/en-tz/cities/mazeikiai/index.html]
[bolt.eu/en-tz/cities/darmstadt/index.html]
[bolt.eu/en-tz/cities/nida/index.html]
[bolt.eu/en-tz/cities/palanga/index.html]
[bolt.eu/en-tz/cities/panevezys/index.html]
[bolt.eu/en-tz/cities/dortmund/index.html]
[bolt.eu/en-tz/cities/taurage/index.html]
[bolt.eu/en-tz/cities/telsiai/index.html]
[bolt.eu/en-tz/cities/dusseldorf/index.html]
[bolt.eu/en-tz/cities/trakai/index.html]
[bolt.eu/en-tz/cities/ukmerge/index.html]
[bolt.eu/en-tz/cities/utena/index.html]
[bolt.eu/en-tz/cities/erlangen/index.html]
[bolt.eu/en-tz/cities/vilnius/index.html]
[bolt.eu/en-tz/cities/silute/index.html]
[bolt.eu/en-tz/cities/essen/index.html]
[bolt.eu/en-tz/cities/siauliai/index.html]
[bolt.eu/en-tz/cities/daugavpils/index.html]
[bolt.eu/en-tz/cities/frankfurt-am-main/index.html]
[bolt.eu/en-tz/cities/jelgava/index.html]
[bolt.eu/en-tz/cities/jurmala/index.html]
[bolt.eu/en-tz/cities/liepaja/index.html]
[bolt.eu/en-tz/cities/furth/index.html]
[bolt.eu/en-tz/cities/ogre/index.html]
[bolt.eu/en-tz/cities/gelsenkirchen/index.html]
[bolt.eu/en-tz/cities/rezekne/index.html]
[bolt.eu/en-tz/cities/riga/index.html]
[bolt.eu/en-tz/cities/gifhorn/index.html]
[bolt.eu/en-tz/cities/valmiera/index.html]
[bolt.eu/en-tz/cities/ventspils/index.html]
[bolt.eu/en-tz/cities/gottingen/index.html]
[bolt.eu/en-tz/cities/chisinau/index.html]
[bolt.eu/en-tz/cities/gozo/index.html]
[bolt.eu/en-tz/cities/halle/index.html]
[bolt.eu/en-tz/cities/malta/index.html]
[bolt.eu/en-tz/cities/amsterdam/index.html]
[bolt.eu/en-tz/cities/hamburg/index.html]
[bolt.eu/en-tz/cities/eindhoven/index.html]
[bolt.eu/en-tz/cities/groningen/index.html]
[bolt.eu/en-tz/cities/enschede/index.html]
[bolt.eu/en-tz/cities/hannover/index.html]
[bolt.eu/en-tz/cities/hengelo/index.html]
[bolt.eu/en-tz/cities/nijmegen/index.html]
[bolt.eu/en-tz/cities/heidelberg/index.html]
[bolt.eu/en-tz/cities/hague/index.html]
[bolt.eu/en-tz/cities/rotterdam/index.html]
[bolt.eu/en-tz/cities/utrecht/index.html]
[bolt.eu/en-tz/cities/herford/index.html]
[bolt.eu/en-tz/cities/bergen/index.html]
[bolt.eu/en-tz/cities/drammen/index.html]
[bolt.eu/en-tz/cities/hilden/index.html]
[bolt.eu/en-tz/cities/fredrikstad/index.html]
[bolt.eu/en-tz/cities/gjovik/index.html]
[bolt.eu/en-tz/cities/hildesheim/index.html]
[bolt.eu/en-tz/cities/hamar/index.html]
[bolt.eu/en-tz/cities/kristiansand/index.html]
[bolt.eu/en-tz/cities/lillehammer/index.html]
[bolt.eu/en-tz/cities/karlsruhe/index.html]
[bolt.eu/en-tz/cities/lillestrom/index.html]
[bolt.eu/en-tz/cities/moss/index.html]
[bolt.eu/en-tz/cities/kassel/index.html]
[bolt.eu/en-tz/cities/oslo/index.html]
[bolt.eu/en-tz/cities/sarpsborg/index.html]
[bolt.eu/en-tz/cities/bialystok/index.html]
[bolt.eu/en-tz/cities/kiel/index.html]
[bolt.eu/en-tz/cities/bielsko-biala/index.html]
[bolt.eu/en-tz/cities/bytom/index.html]
[bolt.eu/en-tz/cities/bydgoszcz/index.html]
[bolt.eu/en-tz/cities/laatzen/index.html]
[bolt.eu/en-tz/cities/chorzow/index.html]
[bolt.eu/en-tz/cities/ludwigshafen/index.html]
[bolt.eu/en-tz/cities/czestochowa/index.html]
[bolt.eu/en-tz/cities/dabrowa-gornicza/index.html]
[bolt.eu/en-tz/cities/lubeck/index.html]
[bolt.eu/en-tz/cities/elblag/index.html]
[bolt.eu/en-tz/cities/gdansk/index.html]
[bolt.eu/en-tz/cities/mainz/index.html]
[bolt.eu/en-tz/cities/gorzow-wielkopolski/index.html]
[bolt.eu/en-tz/cities/gdynia/index.html]
[bolt.eu/en-tz/cities/jaworzno/index.html]
[bolt.eu/en-tz/cities/mannheim/index.html]
[bolt.eu/en-tz/cities/katowice/index.html]
[bolt.eu/en-tz/cities/kielce/index.html]
[bolt.eu/en-tz/cities/koszalin/index.html]
[bolt.eu/en-tz/cities/merseburg/index.html]
[bolt.eu/en-tz/cities/krakow/index.html]
[bolt.eu/en-tz/cities/munich/index.html]
[bolt.eu/en-tz/cities/legnica/index.html]
[bolt.eu/en-tz/cities/lublin/index.html]
[bolt.eu/en-tz/cities/olsztyn/index.html]
[bolt.eu/en-tz/cities/opole/index.html]
[bolt.eu/en-tz/cities/monchengladbach/index.html]
[bolt.eu/en-tz/cities/poznan/index.html]
[bolt.eu/en-tz/cities/muhlheim/index.html]
[bolt.eu/en-tz/cities/ruda-slaska/index.html]
[bolt.eu/en-tz/cities/radom/index.html]
[bolt.eu/en-tz/cities/rzeszow/index.html]
[bolt.eu/en-tz/cities/munster/index.html]
[bolt.eu/en-tz/cities/silesia/index.html]
[bolt.eu/en-tz/cities/neuss/index.html]
[bolt.eu/en-tz/cities/sopot/index.html]
[bolt.eu/en-tz/cities/szczecin/index.html]
[bolt.eu/en-tz/cities/nuremberg/index.html]
[bolt.eu/en-tz/cities/tarnow/index.html]
[bolt.eu/en-tz/cities/torun/index.html]
[bolt.eu/en-tz/cities/oldenburg/index.html]
[bolt.eu/en-tz/cities/trojmiasto/index.html]
[bolt.eu/en-tz/cities/tychy/index.html]
[bolt.eu/en-tz/cities/paderborn/index.html]
[bolt.eu/en-tz/cities/warsaw/index.html]
[bolt.eu/en-tz/cities/wladyslawowo/index.html]
[bolt.eu/en-tz/cities/wroclaw/index.html]
[bolt.eu/en-tz/cities/peine/index.html]
[bolt.eu/en-tz/cities/wloclawek/index.html]
[bolt.eu/en-tz/cities/potsdam/index.html]
[bolt.eu/en-tz/cities/zabrze/index.html]
[bolt.eu/en-tz/cities/lodz/index.html]
[bolt.eu/en-tz/cities/reutlingen/index.html]
[bolt.eu/en-tz/cities/zielona-gora/index.html]
[bolt.eu/en-tz/cities/swidnik/index.html]
[bolt.eu/en-tz/cities/salzgitter/index.html]
[bolt.eu/en-tz/cities/algarve/index.html]
[bolt.eu/en-tz/cities/barcelos/index.html]
[bolt.eu/en-tz/cities/schwabach/index.html]
[bolt.eu/en-tz/cities/aveiro/index.html]
[bolt.eu/en-tz/cities/braga/index.html]
[bolt.eu/en-tz/cities/solingen/index.html]
[bolt.eu/en-tz/cities/beja/index.html]
[bolt.eu/en-tz/cities/castelo-branco/index.html]
[bolt.eu/en-tz/cities/coimbra/index.html]
[bolt.eu/en-tz/cities/stasfurt/index.html]
[bolt.eu/en-tz/cities/faro/index.html]
[bolt.eu/en-tz/cities/guimaraes/index.html]
[bolt.eu/en-tz/cities/stein/index.html]
[bolt.eu/en-tz/cities/evora/index.html]
[bolt.eu/en-tz/cities/leiria/index.html]
[bolt.eu/en-tz/cities/stuttgart/index.html]
[bolt.eu/en-tz/cities/lisbon/index.html]
[bolt.eu/en-tz/cities/madeira/index.html]
[bolt.eu/en-tz/cities/tubingen/index.html]
[bolt.eu/en-tz/cities/porto/index.html]
[bolt.eu/en-tz/cities/santarem/index.html]
[bolt.eu/en-tz/cities/wiesbaden/index.html]
[bolt.eu/en-tz/cities/setubal/index.html]
[bolt.eu/en-tz/cities/sines/index.html]
[bolt.eu/en-tz/cities/wolfsburg/index.html]
[bolt.eu/en-tz/cities/viana-do-castelo/index.html]
[bolt.eu/en-tz/cities/viseu/index.html]
[bolt.eu/en-tz/cities/copenhagen/index.html]
[bolt.eu/en-tz/cities/alba-iulia/index.html]
[bolt.eu/en-tz/cities/arad/index.html]
[bolt.eu/en-tz/cities/bacau/index.html]
[bolt.eu/en-tz/cities/haapsalu/index.html]
[bolt.eu/en-tz/cities/baia-mare/index.html]
[bolt.eu/en-tz/cities/bistrita/index.html]
[bolt.eu/en-tz/cities/johvi/index.html]
[bolt.eu/en-tz/cities/brasov/index.html]
[bolt.eu/en-tz/cities/botosani/index.html]
[bolt.eu/en-tz/cities/braila/index.html]
[bolt.eu/en-tz/cities/kohtla-jarve/index.html]
[bolt.eu/en-tz/cities/bucharest/index.html]
[bolt.eu/en-tz/cities/cluj-napoca/index.html]
[bolt.eu/en-tz/cities/constanta/index.html]
[bolt.eu/en-tz/cities/kuressaare/index.html]
[bolt.eu/en-tz/cities/buzau/index.html]
[bolt.eu/en-tz/cities/craiova/index.html]
[bolt.eu/en-tz/cities/galati/index.html]
[bolt.eu/en-tz/cities/iasi/index.html]
[bolt.eu/en-tz/cities/focsani/index.html]
[bolt.eu/en-tz/cities/narva/index.html]
[bolt.eu/en-tz/cities/parnu/index.html]
[bolt.eu/en-tz/cities/oradea/index.html]
[bolt.eu/en-tz/cities/rakvere/index.html]
[bolt.eu/en-tz/cities/pitesti/index.html]
[bolt.eu/en-tz/cities/ploiesti/index.html]
[bolt.eu/en-tz/cities/piatraneamt/index.html]
[bolt.eu/en-tz/cities/sibiu/index.html]
[images.ctfassets.net/tk7rwcciwvbq/1pQRWGw9wXkPlEhrVD1Atz/d7073660cf3a079a5f2344f9205033ae/category-basic.png]
[bolt.eu/en-tz/cities/rmvalcea/index.html]
[bolt.eu/en-tz/cities/suceava/index.html]
[bolt.eu/en-tz/cities/timisoara/index.html]
[images.ctfassets.net/tk7rwcciwvbq/2tDFJAZfb1ZpfAq9k9j7BH/ceac6c92c5f66d3c0ff18f51f5c6f2d9/Assist.png]
[bolt.eu/en-tz/cities/tulcea/index.html]
[bolt.eu/en-tz/cities/tallinn/index.html]
[bolt.eu/en-tz/cities/targu-jiu/index.html]
[bolt.eu/en-tz/cities/targumures/index.html]
[bolt.eu/en-tz/cities/targoviste/index.html]
[images.ctfassets.net/tk7rwcciwvbq/Bb6EBMCbnZXE7cNV2PL2f/43b08fd5e970665ff813d7c2eaf04449/Childseat.png]
[bolt.eu/en-tz/cities/tartu/index.html]
[bolt.eu/en-tz/cities/boras/index.html]
[bolt.eu/en-tz/cities/valeaprahovei/index.html]
[bolt.eu/en-tz/cities/enkoping/index.html]
[bolt.eu/en-tz/cities/viljandi/index.html]
[bolt.eu/en-tz/cities/gothenburg/index.html]
[bolt.eu/en-tz/cities/eskilstuna/index.html]
[bolt.eu/en-tz/cities/helsingborg/index.html]
[bolt.eu/en-tz/cities/linkoping/index.html]
[bolt.eu/en-tz/cities/voru/index.html]
[bolt.eu/en-tz/cities/lund/index.html]
[images.ctfassets.net/tk7rwcciwvbq/5KBP4w1oKXIywLSwtxILyJ/02657cbdf344891ef2e1985e68c568a2/Taxi_car_barcelona_2x.png]
[bolt.eu/en-tz/cities/barcelona/index.html]
[bolt.eu/en-tz/cities/malmo/index.html]
[bolt.eu/en-tz/cities/norrkoping/index.html]
[bolt.eu/en-tz/cities/stockholm/index.html]
[bolt.eu/en-tz/cities/madrid/index.html]
[bolt.eu/en-tz/cities/uppsala/index.html]
[bolt.eu/en-tz/cities/vasteras/index.html]
[bolt.eu/en-tz/cities/sodertalje/index.html]
[bolt.eu/en-tz/cities/orebro/index.html]
[bolt.eu/en-tz/cities/malaga/index.html]
[bolt.eu/en-tz/cities/bratislava/index.html]
[bolt.eu/en-tz/cities/banska-bystrica/index.html]
[bolt.eu/en-tz/cities/seville/index.html]
[bolt.eu/en-tz/cities/bojnice/index.html]
[bolt.eu/en-tz/cities/galanta/index.html]
[bolt.eu/en-tz/cities/zaragoza/index.html]
[bolt.eu/en-tz/cities/holic/index.html]
[bolt.eu/en-tz/cities/kosice/index.html]
[bolt.eu/en-tz/cities/helsinki/index.html]
[bolt.eu/en-tz/cities/hlohovec/index.html]
[bolt.eu/en-tz/cities/martin/index.html]
[bolt.eu/en-tz/cities/annecy/index.html]
[bolt.eu/en-tz/cities/nitra/index.html]
[bolt.eu/en-tz/cities/poprad/index.html]
[bolt.eu/en-tz/cities/bordeaux/index.html]
[bolt.eu/en-tz/cities/piestany/index.html]
[bolt.eu/en-tz/cities/presov/index.html]
[bolt.eu/en-tz/cities/brest/index.html]
[bolt.eu/en-tz/cities/trencin/index.html]
[bolt.eu/en-tz/cities/trnava/index.html]
[bolt.eu/en-tz/cities/prievidza/index.html]
[bolt.eu/en-tz/cities/caen/index.html]
[bolt.eu/en-tz/cities/zilina/index.html]
[bolt.eu/en-tz/cities/zloven/index.html]
[bolt.eu/en-tz/cities/boryspil/index.html]
[bolt.eu/en-tz/cities/clermont-ferrand/index.html]
[bolt.eu/en-tz/cities/bila-tserkva/index.html]
[bolt.eu/en-tz/cities/brovary/index.html]
[bolt.eu/en-tz/cities/chernihiv/index.html]
[bolt.eu/en-tz/cities/grenoble/index.html]
[bolt.eu/en-tz/cities/cherkasy/index.html]
[bolt.eu/en-tz/cities/chernivtsi/index.html]
[bolt.eu/en-tz/cities/le-havre/index.html]
[bolt.eu/en-tz/cities/dnipro/index.html]
[bolt.eu/en-tz/cities/lille/index.html]
[bolt.eu/en-tz/cities/irpin/index.html]
[bolt.eu/en-tz/cities/drohobych/index.html]
[bolt.eu/en-tz/cities/ivano-frankivsk/index.html]
[bolt.eu/en-tz/cities/lyon/index.html]
[bolt.eu/en-tz/cities/kamianske/index.html]
[bolt.eu/en-tz/cities/kamianets-podilskyi/index.html]
[bolt.eu/en-tz/cities/marseille/index.html]
[bolt.eu/en-tz/cities/kharkiv/index.html]
[bolt.eu/en-tz/cities/khmelnytskyi/index.html]
[bolt.eu/en-tz/cities/metz/index.html]
[bolt.eu/en-tz/cities/kropyvnytskyi/index.html]
[bolt.eu/en-tz/cities/kremenchuk/index.html]
[bolt.eu/en-tz/cities/montpellier/index.html]
[bolt.eu/en-tz/cities/kryvyi-rih/index.html]
[bolt.eu/en-tz/cities/kyiv/index.html]
[bolt.eu/en-tz/cities/mulhouse/index.html]
[bolt.eu/en-tz/cities/lutsk/index.html]
[bolt.eu/en-tz/cities/lviv/index.html]
[bolt.eu/en-tz/cities/nancy/index.html]
[bolt.eu/en-tz/cities/mykolaiv/index.html]
[bolt.eu/en-tz/cities/mukachevo/index.html]
[bolt.eu/en-tz/cities/nantes/index.html]
[bolt.eu/en-tz/cities/novomoskovsk/index.html]
[bolt.eu/en-tz/cities/poltava/index.html]
[bolt.eu/en-tz/cities/nice/index.html]
[bolt.eu/en-tz/cities/odesa/index.html]
[bolt.eu/en-tz/cities/rivne/index.html]
[bolt.eu/en-tz/cities/nimes-avignon/index.html]
[bolt.eu/en-tz/cities/stryi/index.html]
[bolt.eu/en-tz/cities/sumy/index.html]
[bolt.eu/en-tz/cities/orleans/index.html]
[bolt.eu/en-tz/cities/ternopil/index.html]
[bolt.eu/en-tz/cities/truskavets/index.html]
[bolt.eu/en-tz/cities/paris/index.html]
[bolt.eu/en-tz/cities/vinnytsia/index.html]
[bolt.eu/en-tz/cities/uzhhorod/index.html]
[bolt.eu/en-tz/cities/reims/index.html]
[bolt.eu/en-tz/cities/vyshhorod/index.html]
[bolt.eu/en-tz/cities/vyshneve/index.html]
[bolt.eu/en-tz/cities/rennes/index.html]
[bolt.eu/en-tz/cities/zaporizhia/index.html]
[bolt.eu/en-tz/cities/zbarazh/index.html]
[bolt.eu/en-tz/cities/rouen/index.html]
[bolt.eu/en-tz/cities/zdolbuniv/index.html]
[bolt.eu/en-tz/cities/zhytomyr/index.html]
[bolt.eu/en-tz/cities/saint-etienne/index.html]
[bolt.eu/en-tz/cities/accra/index.html]
[bolt.eu/en-tz/cities/ho/index.html]
[bolt.eu/en-tz/cities/strasbourg/index.html]
[bolt.eu/en-tz/cities/cape-coast/index.html]
[bolt.eu/en-tz/cities/koforidua/index.html]
[bolt.eu/en-tz/cities/toulon/index.html]
[bolt.eu/en-tz/cities/kumasi/index.html]
[bolt.eu/en-tz/cities/takoradi/index.html]
[bolt.eu/en-tz/cities/sunyani/index.html]
[bolt.eu/en-tz/cities/toulouse/index.html]
[bolt.eu/en-tz/cities/tamale/index.html]
[bolt.eu/en-tz/cities/diani/index.html]
[bolt.eu/en-tz/cities/tours/index.html]
[bolt.eu/en-tz/cities/eldoret/index.html]
[bolt.eu/en-tz/cities/bristol/index.html]
[bolt.eu/en-tz/cities/embu/index.html]
[bolt.eu/en-tz/cities/kakamega/index.html]
[bolt.eu/en-tz/cities/karatina/index.html]
[bolt.eu/en-tz/cities/kilifi/index.html]
[bolt.eu/en-tz/cities/birmingham/index.html]
[bolt.eu/en-tz/cities/kisumu/index.html]
[bolt.eu/en-tz/cities/cambridge/index.html]
[bolt.eu/en-tz/cities/meru/index.html]
[bolt.eu/en-tz/cities/malindi/index.html]
[bolt.eu/en-tz/cities/kitale/index.html]
[bolt.eu/en-tz/cities/mombasa/index.html]
[bolt.eu/en-tz/cities/cardiff/index.html]
[bolt.eu/en-tz/cities/derby/index.html]
[bolt.eu/en-tz/cities/nairobi/index.html]
[bolt.eu/en-tz/cities/edinburgh/index.html]
[bolt.eu/en-tz/cities/naivasha/index.html]
[bolt.eu/en-tz/cities/nakuru/index.html]
[bolt.eu/en-tz/cities/greater-manchester/index.html]
[bolt.eu/en-tz/cities/nanyuki/index.html]
[bolt.eu/en-tz/cities/nyeri/index.html]
[bolt.eu/en-tz/cities/leicester/index.html]
[bolt.eu/en-tz/cities/thika/index.html]
[bolt.eu/en-tz/cities/abakaliki/index.html]
[bolt.eu/en-tz/cities/aba/index.html]
[bolt.eu/en-tz/cities/abeokuta/index.html]
[bolt.eu/en-tz/cities/abuja/index.html]
[images.ctfassets.net/tk7rwcciwvbq/388kBHG1pyMC0kJjoeLsJm/bedcd83549394e4eef3cae0d2233b6ed/5441_1678626198178_runug.png]
[bolt.eu/en-tz/cities/london/index.html]
[bolt.eu/en-tz/cities/akure/index.html]
[bolt.eu/en-tz/cities/asaba/index.html]
[bolt.eu/en-tz/cities/ado-ekiti/index.html]
[bolt.eu/en-tz/cities/milton-keynes/index.html]
[bolt.eu/en-tz/cities/awka/index.html]
[bolt.eu/en-tz/cities/calabar/index.html]
[bolt.eu/en-tz/cities/bauchi/index.html]
[bolt.eu/en-tz/cities/benin/index.html]
[bolt.eu/en-tz/cities/newcastle/index.html]
[bolt.eu/en-tz/cities/nottingham/index.html]
[bolt.eu/en-tz/cities/enugu/index.html]
[bolt.eu/en-tz/cities/peterborough/index.html]
[bolt.eu/en-tz/cities/ilorin/index.html]
[bolt.eu/en-tz/cities/ibadan/index.html]
[bolt.eu/en-tz/cities/portsmouth/index.html]
[bolt.eu/en-tz/cities/jos/index.html]
[bolt.eu/en-tz/cities/kaduna/index.html]
[bolt.eu/en-tz/cities/royal-borough/index.html]
[bolt.eu/en-tz/cities/kano/index.html]
[bolt.eu/en-tz/cities/lafia/index.html]
[bolt.eu/en-tz/cities/sheffield/index.html]
[bolt.eu/en-tz/cities/makurdi/index.html]
[bolt.eu/en-tz/cities/lokoja/index.html]
[bolt.eu/en-tz/cities/southampton/index.html]
[bolt.eu/en-tz/cities/nnewi/index.html]
[bolt.eu/en-tz/cities/lagos/index.html]
[bolt.eu/en-tz/cities/wolverhampton/index.html]
[bolt.eu/en-tz/cities/ondo/index.html]
[bolt.eu/en-tz/cities/nsukka/index.html]
[bolt.eu/en-tz/cities/bakuriani/index.html]
[bolt.eu/en-tz/cities/onitsha/index.html]
[bolt.eu/en-tz/cities/osogbo/index.html]
[bolt.eu/en-tz/cities/owerri/index.html]
[bolt.eu/en-tz/cities/batumi/index.html]
[bolt.eu/en-tz/cities/port-harcourt/index.html]
[bolt.eu/en-tz/cities/umuahia/index.html]
[bolt.eu/en-tz/cities/uyo/index.html]
[bolt.eu/en-tz/cities/gori/index.html]
[bolt.eu/en-tz/cities/warri/index.html]
[bolt.eu/en-tz/cities/yenagoa/index.html]
[bolt.eu/en-tz/cities/sousse/index.html]
[bolt.eu/en-tz/cities/zaria/index.html]
[bolt.eu/en-tz/cities/gudauri-stepantsminda/index.html]
[bolt.eu/en-tz/cities/tunis/index.html]
[bolt.eu/en-tz/cities/kutaisi/index.html]
[bolt.eu/en-tz/cities/dar-es-salaam/index.html]
[bolt.eu/en-tz/cities/arusha/index.html]
[bolt.eu/en-tz/cities/dodoma/index.html]
[bolt.eu/en-tz/cities/poti/index.html]
[bolt.eu/en-tz/cities/mwanza/index.html]
[bolt.eu/en-tz/cities/mbarara/index.html]
[bolt.eu/en-tz/cities/kampala/index.html]
[bolt.eu/en-tz/cities/rustavi/index.html]
[bolt.eu/en-tz/cities/gulu/index.html]
[bolt.eu/en-tz/cities/cape-town/index.html]
[bolt.eu/en-tz/cities/durban/index.html]
[bolt.eu/en-tz/cities/east-london/index.html]
[bolt.eu/en-tz/cities/emalahleni/index.html]
[images.ctfassets.net/tk7rwcciwvbq/22k2KEALKmgb3teEm3knEZ/317fd74a44e12c804d6ffb745deddda8/category-tesla.5c.delayed]
[bolt.eu/en-tz/cities/tbilisi/index.html]
[bolt.eu/en-tz/cities/ermelo/index.html]
[bolt.eu/en-tz/cities/garden-route/index.html]
[bolt.eu/en-tz/cities/telavi/index.html]
[bolt.eu/en-tz/cities/grahamstown/index.html]
[bolt.eu/en-tz/cities/johannesburg/index.html]
[bolt.eu/en-tz/cities/zugdidi/index.html]
[bolt.eu/en-tz/cities/kimberley/index.html]
[bolt.eu/en-tz/cities/mbombela/index.html]
[bolt.eu/en-tz/cities/dubrovnik/index.html]
[bolt.eu/en-tz/cities/mthatha/index.html]
[bolt.eu/en-tz/cities/phuthaditjhaba/index.html]
[bolt.eu/en-tz/cities/polokwane/index.html]
[bolt.eu/en-tz/cities/karlovac/index.html]
[bolt.eu/en-tz/cities/port-elizabeth/index.html]
[bolt.eu/en-tz/cities/pietermaritzburg/index.html]
[bolt.eu/en-tz/cities/osijek/index.html]
[bolt.eu/en-tz/cities/pretoria/index.html]
[bolt.eu/en-tz/cities/queenstown/index.html]
[bolt.eu/en-tz/cities/potchefstroom/index.html]
[bolt.eu/en-tz/cities/pula/index.html]
[bolt.eu/en-tz/cities/rustenburg/index.html]
[bolt.eu/en-tz/cities/thohoyandou/index.html]
[bolt.eu/en-tz/cities/rijeka/index.html]
[bolt.eu/en-tz/cities/welkom/index.html]
[bolt.eu/en-tz/cities/upington/index.html]
[bolt.eu/en-tz/cities/split/index.html]
[bolt.eu/en-tz/cities/worcester/index.html]
[bolt.eu/en-tz/cities/baghdad/index.html]
[bolt.eu/en-tz/cities/zadar/index.html]
[bolt.eu/en-tz/cities/colombo/index.html]
[bolt.eu/en-tz/cities/beirut/index.html]
[bolt.eu/en-tz/cities/zagreb/index.html]
[bolt.eu/en-tz/cities/kathmandu/index.html]
[bolt.eu/en-tz/cities/al-bahah/index.html]
[bolt.eu/en-tz/cities/sibenik/index.html]
[bolt.eu/en-tz/cities/al-jawf/index.html]
[bolt.eu/en-tz/cities/al-qaseem/index.html]
[bolt.eu/en-tz/cities/budapest/index.html]
[bolt.eu/en-tz/cities/aseer/index.html]
[bolt.eu/en-tz/cities/dammam/index.html]
[bolt.eu/en-tz/cities/debrecen/index.html]
[bolt.eu/en-tz/cities/hail/index.html]
[bolt.eu/en-tz/cities/jazan-province/index.html]
[bolt.eu/en-tz/cities/jeddah/index.html]
[bolt.eu/en-tz/cities/miskolc/index.html]
[bolt.eu/en-tz/cities/medina/index.html]
[bolt.eu/en-tz/cities/nyiregyhaza/index.html]
[bolt.eu/en-tz/cities/najran/index.html]
[bolt.eu/en-tz/cities/northern-province/index.html]
[bolt.eu/en-tz/cities/riyadh/index.html]
[bolt.eu/en-tz/cities/pecs/index.html]
[bolt.eu/en-tz/cities/jazan/index.html]
[bolt.eu/en-tz/cities/tabuk/index.html]
[bolt.eu/en-tz/cities/szeged/index.html]
[bolt.eu/en-tz/cities/bangkok/index.html]
[bolt.eu/en-tz/cities/chiangmai/index.html]
[bolt.eu/en-tz/cities/cork/index.html]
[bolt.eu/en-tz/cities/guayaquil/index.html]
[bolt.eu/en-tz/cities/aguascalientes/index.html]
[bolt.eu/en-tz/cities/dublin/index.html]
[bolt.eu/en-tz/cities/phuket/index.html]
[bolt.eu/en-tz/cities/durango/index.html]
[bolt.eu/en-tz/cities/kilkenny/index.html]
[bolt.eu/en-tz/cities/gomez-palacio/index.html]
[bolt.eu/en-tz/cities/los-mochis/index.html]
[bolt.eu/en-tz/cities/guadalajara/index.html]
[bolt.eu/en-tz/cities/sligo/index.html]
[bolt.eu/en-tz/cities/mazatlan/index.html]
[bolt.eu/en-tz/cities/milan/index.html]
[bolt.eu/en-tz/cities/asuncion/index.html]
[bolt.eu/en-tz/cities/ciudad-del-este/index.html]
[bolt.eu/en-tz/cities/modena/index.html]
[bolt.eu/en-tz/cities/coronel-oviedo/index.html]
[bolt.eu/en-tz/cities/encarnacion/index.html]
[bolt.eu/en-tz/cities/reggio-emilia/index.html]
[bolt.eu/en-tz/cities/caaguazu/index.html]
[bolt.eu/en-tz/cities/villarrica/index.html]
[bolt.eu/en-tz/cities/torino/index.html]
[bolt.eu/en-tz/cities/san-salvador/index.html]
[bolt.eu/en-tz/airports/acc/index.html]
[bolt.eu/en-tz/airports/tkd/index.html]
[bolt.eu/en-tz/cities/alytus/index.html]
[bolt.eu/en-tz/airports/kms/index.html]
[bolt.eu/en-tz/airports/edl/index.html]
[bolt.eu/en-tz/cities/druskininkai/index.html]
[bolt.eu/en-tz/airports/kis/index.html]
[bolt.eu/en-tz/airports/nbo/index.html]
[bolt.eu/en-tz/cities/jonava/index.html]
[bolt.eu/en-tz/airports/mba/index.html]
[bolt.eu/en-tz/airports/myd/index.html]
[bolt.eu/en-tz/cities/kaunas/index.html]
[bolt.eu/en-tz/airports/wil/index.html]
[bolt.eu/en-tz/airports/enu/index.html]
[bolt.eu/en-tz/cities/kedainiai/index.html]
[bolt.eu/en-tz/airports/quo/index.html]
[bolt.eu/en-tz/airports/kan/index.html]
[bolt.eu/en-tz/airports/bni/index.html]
[bolt.eu/en-tz/cities/klaipeda/index.html]
[bolt.eu/en-tz/airports/cbq/index.html]
[bolt.eu/en-tz/airports/los/index.html]
[bolt.eu/en-tz/cities/marijampole/index.html]
[bolt.eu/en-tz/airports/abv/index.html]
[bolt.eu/en-tz/airports/phc/index.html]
[bolt.eu/en-tz/cities/mazeikiai/index.html]
[bolt.eu/en-tz/airports/qow/index.html]
[bolt.eu/en-tz/airports/cpt/index.html]
[bolt.eu/en-tz/cities/nida/index.html]
[bolt.eu/en-tz/airports/els/index.html]
[bolt.eu/en-tz/airports/dur/index.html]
[bolt.eu/en-tz/cities/palanga/index.html]
[bolt.eu/en-tz/airports/mqp/index.html]
[bolt.eu/en-tz/airports/utt/index.html]
[bolt.eu/en-tz/cities/panevezys/index.html]
[bolt.eu/en-tz/airports/jnb/index.html]
[bolt.eu/en-tz/airports/ptg/index.html]
[bolt.eu/en-tz/airports/pzb/index.html]
[bolt.eu/en-tz/cities/taurage/index.html]
[bolt.eu/en-tz/airports/plz/index.html]
[bolt.eu/en-tz/cities/telsiai/index.html]
[bolt.eu/en-tz/airports/nbe/index.html]
[bolt.eu/en-tz/airports/ebb/index.html]
[bolt.eu/en-tz/cities/trakai/index.html]
[bolt.eu/en-tz/airports/tun/index.html]
[bolt.eu/en-tz/airports/bey/index.html]
[bolt.eu/en-tz/cities/ukmerge/index.html]
[bolt.eu/en-tz/airports/jed/index.html]
[bolt.eu/en-tz/airports/ruh/index.html]
[bolt.eu/en-tz/airports/cnx/index.html]
[bolt.eu/en-tz/cities/utena/index.html]
[bolt.eu/en-tz/airports/bkk/index.html]
[bolt.eu/en-tz/cities/vilnius/index.html]
[bolt.eu/en-tz/airports/kvd/index.html]
[bolt.eu/en-tz/airports/vie/index.html]
[bolt.eu/en-tz/cities/siauliai/index.html]
[bolt.eu/en-tz/airports/szg/index.html]
[bolt.eu/en-tz/airports/gyd/index.html]
[bolt.eu/en-tz/cities/silute/index.html]
[bolt.eu/en-tz/airports/bru/index.html]
[bolt.eu/en-tz/airports/dbv/index.html]
[bolt.eu/en-tz/airports/osi/index.html]
[bolt.eu/en-tz/cities/daugavpils/index.html]
[bolt.eu/en-tz/airports/zag/index.html]
[bolt.eu/en-tz/cities/jelgava/index.html]
[bolt.eu/en-tz/airports/puy/index.html]
[bolt.eu/en-tz/airports/spu/index.html]
[bolt.eu/en-tz/airports/rjk/index.html]
[bolt.eu/en-tz/cities/jurmala/index.html]
[bolt.eu/en-tz/airports/zad/index.html]
[bolt.eu/en-tz/airports/lca/index.html]
[bolt.eu/en-tz/cities/liepaja/index.html]
[bolt.eu/en-tz/airports/brq/index.html]
[bolt.eu/en-tz/airports/osr/index.html]
[bolt.eu/en-tz/cities/ogre/index.html]
[bolt.eu/en-tz/airports/pfo/index.html]
[bolt.eu/en-tz/airports/ure/index.html]
[bolt.eu/en-tz/cities/rezekne/index.html]
[bolt.eu/en-tz/airports/prg/index.html]
[bolt.eu/en-tz/airports/epu/index.html]
[bolt.eu/en-tz/cities/riga/index.html]
[bolt.eu/en-tz/airports/tll/index.html]
[bolt.eu/en-tz/airports/hel/index.html]
[bolt.eu/en-tz/cities/valmiera/index.html]
[bolt.eu/en-tz/airports/tay/index.html]
[bolt.eu/en-tz/airports/bva/index.html]
[bolt.eu/en-tz/airports/cdg/index.html]
[bolt.eu/en-tz/cities/ventspils/index.html]
[bolt.eu/en-tz/airports/ory/index.html]
[bolt.eu/en-tz/cities/chisinau/index.html]
[bolt.eu/en-tz/airports/bod/index.html]
[bolt.eu/en-tz/airports/lil/index.html]
[bolt.eu/en-tz/cities/gozo/index.html]
[bolt.eu/en-tz/airports/lys/index.html]
[bolt.eu/en-tz/airports/mrs/index.html]
[bolt.eu/en-tz/airports/nte/index.html]
[bolt.eu/en-tz/airports/nce/index.html]
[bolt.eu/en-tz/airports/rns/index.html]
[images.ctfassets.net/tk7rwcciwvbq/3m5SvqSx1RtXhJue6cXisz/f1c973205214bc68ac2b0c9c00ec92eb/5630_1682069864666_y9mq8.png]
[bolt.eu/en-tz/cities/malta/index.html]
[bolt.eu/en-tz/airports/sxb/index.html]
[bolt.eu/en-tz/airports/tls/index.html]
[bolt.eu/en-tz/cities/amsterdam/index.html]
[bolt.eu/en-tz/airports/bus/index.html]
[bolt.eu/en-tz/airports/kut/index.html]
[bolt.eu/en-tz/cities/eindhoven/index.html]
[bolt.eu/en-tz/airports/tbs/index.html]
[bolt.eu/en-tz/airports/cgn/index.html]
[bolt.eu/en-tz/cities/enschede/index.html]
[bolt.eu/en-tz/airports/ber/index.html]
[bolt.eu/en-tz/airports/fra/index.html]
[bolt.eu/en-tz/cities/groningen/index.html]
[bolt.eu/en-tz/airports/dus/index.html]
[bolt.eu/en-tz/airports/bud/index.html]
[bolt.eu/en-tz/cities/hengelo/index.html]
[bolt.eu/en-tz/airports/muc/index.html]
[bolt.eu/en-tz/airports/dub/index.html]
[bolt.eu/en-tz/airports/ork/index.html]
[bolt.eu/en-tz/cities/nijmegen/index.html]
[bolt.eu/en-tz/airports/lpx/index.html]
[bolt.eu/en-tz/cities/rotterdam/index.html]
[bolt.eu/en-tz/airports/rix/index.html]
[bolt.eu/en-tz/airports/kun/index.html]
[bolt.eu/en-tz/cities/hague/index.html]
[bolt.eu/en-tz/airports/plq/index.html]
[bolt.eu/en-tz/airports/vno/index.html]
[bolt.eu/en-tz/airports/mla/index.html]
[bolt.eu/en-tz/cities/utrecht/index.html]
[bolt.eu/en-tz/airports/ams/index.html]
[bolt.eu/en-tz/airports/rtm/index.html]
[bolt.eu/en-tz/cities/bergen/index.html]
[bolt.eu/en-tz/airports/ein/index.html]
[bolt.eu/en-tz/airports/osl/index.html]
[bolt.eu/en-tz/cities/drammen/index.html]
[bolt.eu/en-tz/airports/gdn/index.html]
[bolt.eu/en-tz/airports/luz/index.html]
[bolt.eu/en-tz/airports/krk/index.html]
[bolt.eu/en-tz/cities/fredrikstad/index.html]
[bolt.eu/en-tz/airports/szy/index.html]
[bolt.eu/en-tz/airports/ktw/index.html]
[bolt.eu/en-tz/cities/gjovik/index.html]
[bolt.eu/en-tz/airports/bzg/index.html]
[bolt.eu/en-tz/airports/poz/index.html]
[bolt.eu/en-tz/cities/hamar/index.html]
[bolt.eu/en-tz/airports/rze/index.html]
[bolt.eu/en-tz/airports/szz/index.html]
[bolt.eu/en-tz/airports/waw/index.html]
[bolt.eu/en-tz/cities/kristiansand/index.html]
[bolt.eu/en-tz/airports/wmi/index.html]
[bolt.eu/en-tz/cities/lillehammer/index.html]
[bolt.eu/en-tz/airports/ieg/index.html]
[bolt.eu/en-tz/airports/lcj/index.html]
[bolt.eu/en-tz/airports/wro/index.html]
[bolt.eu/en-tz/cities/lillestrom/index.html]
[bolt.eu/en-tz/airports/fao/index.html]
[bolt.eu/en-tz/airports/lis/index.html]
[bolt.eu/en-tz/cities/moss/index.html]
[bolt.eu/en-tz/airports/fnc/index.html]
[bolt.eu/en-tz/airports/opo/index.html]
[bolt.eu/en-tz/cities/oslo/index.html]
[bolt.eu/en-tz/airports/arw/index.html]
[bolt.eu/en-tz/airports/bbu/index.html]
[bolt.eu/en-tz/cities/sarpsborg/index.html]
[bolt.eu/en-tz/airports/clj/index.html]
[bolt.eu/en-tz/airports/lrov/index.html]
[bolt.eu/en-tz/cities/bialystok/index.html]
[bolt.eu/en-tz/airports/cra/index.html]
[bolt.eu/en-tz/airports/otp/index.html]
[bolt.eu/en-tz/cities/bielsko-biala/index.html]
[bolt.eu/en-tz/airports/ias/index.html]
[bolt.eu/en-tz/airports/omr/index.html]
[bolt.eu/en-tz/cities/bydgoszcz/index.html]
[bolt.eu/en-tz/airports/bay/index.html]
[bolt.eu/en-tz/airports/sbz/index.html]
[bolt.eu/en-tz/cities/bytom/index.html]
[bolt.eu/en-tz/airports/scv/index.html]
[bolt.eu/en-tz/airports/tsr/index.html]
[bolt.eu/en-tz/airports/ksc/index.html]
[bolt.eu/en-tz/cities/chorzow/index.html]
[bolt.eu/en-tz/airports/bts/index.html]
[bolt.eu/en-tz/cities/czestochowa/index.html]
[bolt.eu/en-tz/airports/mad/index.html]
[bolt.eu/en-tz/airports/agp/index.html]
[bolt.eu/en-tz/cities/dabrowa-gornicza/index.html]
[bolt.eu/en-tz/airports/bcn/index.html]
[bolt.eu/en-tz/airports/bma/index.html]
[bolt.eu/en-tz/cities/elblag/index.html]
[bolt.eu/en-tz/airports/got/index.html]
[bolt.eu/en-tz/airports/svq/index.html]
[bolt.eu/en-tz/airports/mmx/index.html]
[bolt.eu/en-tz/cities/gdansk/index.html]
[bolt.eu/en-tz/airports/arn/index.html]
[bolt.eu/en-tz/cities/gdynia/index.html]
[bolt.eu/en-tz/airports/bhx/index.html]
[bolt.eu/en-tz/airports/brs/index.html]
[bolt.eu/en-tz/cities/gorzow-wielkopolski/index.html]
[bolt.eu/en-tz/airports/ema/index.html]
[bolt.eu/en-tz/airports/edi/index.html]
[bolt.eu/en-tz/airports/lcy/index.html]
[bolt.eu/en-tz/cities/jaworzno/index.html]
[bolt.eu/en-tz/airports/lgw/index.html]
[bolt.eu/en-tz/airports/lhr/index.html]
[bolt.eu/en-tz/cities/katowice/index.html]
[bolt.eu/en-tz/airports/ltn/index.html]
[bolt.eu/en-tz/airports/man/index.html]
[bolt.eu/en-tz/airports/sen/index.html]
[bolt.eu/en-tz/cities/kielce/index.html]
[bolt.eu/en-tz/airports/stn/index.html]
[bolt.eu/en-tz/cities/koszalin/index.html]
[bolt.eu/en-tz/airports/ncl/index.html]
[bolt.eu/en-tz/airports/kbp/index.html]
[bolt.eu/en-tz/cities/krakow/index.html]
[bolt.eu/en-tz/airports/ozh/index.html]
[bolt.eu/en-tz/airports/dnk/index.html]
[bolt.eu/en-tz/cities/legnica/index.html]
[bolt.eu/en-tz/airports/ifo/index.html]
[bolt.eu/en-tz/airports/hrk/index.html]
[bolt.eu/en-tz/cities/lublin/index.html]
[bolt.eu/en-tz/airports/iev/index.html]
[bolt.eu/en-tz/airports/lwo/index.html]
[bolt.eu/en-tz/airports/ztr/index.html]
[bolt.eu/en-tz/cities/olsztyn/index.html]
[bolt.eu/en-tz/airports/plv/index.html]
[bolt.eu/en-tz/airports/ods/index.html]
[bolt.eu/en-tz/cities/opole/index.html]
[bolt.eu/en-tz/airports/umy/index.html]
[bolt.eu/en-tz/cities/poznan/index.html]
[bolt.eu/en-tz/airports/vin/index.html]
[bolt.eu/en-tz/airports/gye/index.html]
[bolt.eu/en-tz/cities/radom/index.html]
[bolt.eu/en-tz/careers/index.html]
[bolt.eu/en-tz/airports/agt/index.html]
[bolt.eu/en-tz/airports/asu/index.html]
[bolt.eu/en-tz/careers/about-bolt/index.html]
[bolt.eu/en-tz/cities/ruda-slaska/index.html]
[bolt.eu/en-tz/legal/tz/terms-for-drivers/index.html]
[bolt.eu/en-tz/cities/rzeszow/index.html]
[bolt.eu/en-tz/legal/tz/privacy-for-drivers/index.html]
[bolt.eu/en-tz/legal/tz/old-terms-for-drivers/index.html]
[bolt.eu/en-tz/legal/tz/terms-for-riders/index.html]
[bolt.eu/en-tz/legal/tz/privacy-for-riders/index.html]
[bolt.eu/en-tz/cities/silesia/index.html]
[bolt.eu/en-tz/cities/tallinn/route/tallinn-bus-central-to-solarise-keskus/index.html]
[bolt.eu/en-tz/legal/tz/marketplace-guidelines-terms/index.html]
[bolt.eu/en-tz/cities/tallinn/route/port-of-tallinn-d-terminal-to-baltic-station-market/index.html]
[bolt.eu/en-tz/cities/tallinn/route/a-terminal-to-saku-suurhall/index.html]
[bolt.eu/en-tz/cities/tallinn/route/viru-keskus-to-tallinn-bus-central/index.html]
[bolt.eu/en-tz/cities/tallinn/route/tallinn-bus-central-to-viru-gate/index.html]
[bolt.eu/en-tz/cities/tallinn/route/tallinn-bus-central-to-port-of-tallinn-d-terminal/index.html]
[bolt.eu/en-tz/cities/sopot/index.html]
[bolt.eu/en-tz/cities/tallinn/route/tallinn-bus-central-to-viru-keskus/index.html]
[bolt.eu/en-tz/cities/tallinn/route/t1-mall-to-tallinn-bus-central/index.html]
[bolt.eu/en-tz/cities/tallinn/route/tallinn-bus-central-to-tallinn-airport/index.html]
[bolt.eu/en-tz/cities/tallinn/route/saku-suurhall-to-baltic-station-market/index.html]
[bolt.eu/en-tz/cities/szczecin/index.html]
[bolt.eu/en-tz/cities/tarnow/index.html]
[bolt.eu/en-tz/cities/torun/index.html]
[bolt.eu/en-tz/cities/trojmiasto/index.html]
[bolt.eu/en-tz/cities/tychy/index.html]
[bolt.eu/en-tz/cities/warsaw/index.html]
[bolt.eu/en-tz/cities/wroclaw/index.html]
[bolt.eu/en-tz/cities/wladyslawowo/index.html]
[bolt.eu/en-tz/cities/wloclawek/index.html]
[bolt.eu/en-tz/cities/zabrze/index.html]
[bolt.eu/en-tz/cities/zielona-gora/index.html]
[bolt.eu/en-tz/cities/lodz/index.html]
[bolt.eu/en-tz/cities/swidnik/index.html]
[bolt.eu/en-tz/cities/algarve/index.html]
[bolt.eu/en-tz/cities/aveiro/index.html]
[bolt.eu/en-tz/cities/barcelos/index.html]
[bolt.eu/en-tz/cities/beja/index.html]
[bolt.eu/en-tz/cities/braga/index.html]
[bolt.eu/en-tz/cities/castelo-branco/index.html]
[bolt.eu/en-tz/cities/coimbra/index.html]
[bolt.eu/en-tz/cities/evora/index.html]
[bolt.eu/en-tz/cities/faro/index.html]
[bolt.eu/en-tz/cities/guimaraes/index.html]
[bolt.eu/en-tz/cities/leiria/index.html]
[bolt.eu/en-tz/cities/lisbon/index.html]
[bolt.eu/en-tz/cities/madeira/index.html]
[bolt.eu/en-tz/cities/porto/index.html]
[bolt.eu/en-tz/cities/santarem/index.html]
[bolt.eu/en-tz/cities/setubal/index.html]
[bolt.eu/en-tz/cities/sines/index.html]
[bolt.eu/en-tz/cities/viana-do-castelo/index.html]
[bolt.eu/en-tz/cities/viseu/index.html]
[bolt.eu/en-tz/cities/alba-iulia/index.html]
[bolt.eu/en-tz/cities/arad/index.html]
[bolt.eu/en-tz/cities/bacau/index.html]
[bolt.eu/en-tz/cities/baia-mare/index.html]
[bolt.eu/en-tz/cities/bistrita/index.html]
[bolt.eu/en-tz/cities/botosani/index.html]
[bolt.eu/en-tz/cities/brasov/index.html]
[bolt.eu/en-tz/cities/braila/index.html]
[bolt.eu/en-tz/cities/bucharest/index.html]
[bolt.eu/en-tz/cities/buzau/index.html]
[bolt.eu/en-tz/cities/cluj-napoca/index.html]
[bolt.eu/en-tz/cities/constanta/index.html]
[bolt.eu/en-tz/cities/craiova/index.html]
[bolt.eu/en-tz/cities/focsani/index.html]
[bolt.eu/en-tz/cities/galati/index.html]
[bolt.eu/en-tz/cities/iasi/index.html]
[bolt.eu/en-tz/cities/oradea/index.html]
[bolt.eu/en-tz/cities/piatraneamt/index.html]
[bolt.eu/en-tz/cities/pitesti/index.html]
[bolt.eu/en-tz/cities/ploiesti/index.html]
[bolt.eu/en-tz/cities/rmvalcea/index.html]
[bolt.eu/en-tz/cities/sibiu/index.html]
[bolt.eu/en-tz/cities/suceava/index.html]
[bolt.eu/en-tz/cities/timisoara/index.html]
[bolt.eu/en-tz/cities/tulcea/index.html]
[bolt.eu/en-tz/cities/targoviste/index.html]
[bolt.eu/en-tz/cities/targu-jiu/index.html]
[bolt.eu/en-tz/cities/targumures/index.html]
[bolt.eu/en-tz/cities/valeaprahovei/index.html]
[bolt.eu/en-tz/cities/boras/index.html]
[bolt.eu/en-tz/cities/enkoping/index.html]
[bolt.eu/en-tz/cities/eskilstuna/index.html]
[bolt.eu/en-tz/cities/gothenburg/index.html]
[bolt.eu/en-tz/cities/helsingborg/index.html]
[bolt.eu/en-tz/cities/linkoping/index.html]
[bolt.eu/en-tz/cities/lund/index.html]
[bolt.eu/en-tz/cities/malmo/index.html]
[bolt.eu/en-tz/cities/norrkoping/index.html]
[bolt.eu/en-tz/cities/stockholm/index.html]
[bolt.eu/en-tz/cities/sodertalje/index.html]
[bolt.eu/en-tz/cities/uppsala/index.html]
[bolt.eu/en-tz/cities/vasteras/index.html]
[bolt.eu/en-tz/cities/orebro/index.html]
[bolt.eu/en-tz/cities/banska-bystrica/index.html]
[bolt.eu/en-tz/cities/bojnice/index.html]
[bolt.eu/en-tz/cities/bratislava/index.html]
[bolt.eu/en-tz/cities/galanta/index.html]
[bolt.eu/en-tz/cities/hlohovec/index.html]
[bolt.eu/en-tz/cities/holic/index.html]
[bolt.eu/en-tz/cities/kosice/index.html]
[bolt.eu/en-tz/cities/martin/index.html]
[bolt.eu/en-tz/cities/nitra/index.html]
[bolt.eu/en-tz/cities/piestany/index.html]
[bolt.eu/en-tz/cities/poprad/index.html]
[bolt.eu/en-tz/cities/presov/index.html]
[bolt.eu/en-tz/cities/prievidza/index.html]
[bolt.eu/en-tz/cities/trencin/index.html]
[bolt.eu/en-tz/cities/trnava/index.html]
[bolt.eu/en-tz/cities/zloven/index.html]
[bolt.eu/en-tz/cities/zilina/index.html]
[bolt.eu/en-tz/cities/bila-tserkva/index.html]
[bolt.eu/en-tz/cities/boryspil/index.html]
[bolt.eu/en-tz/cities/brovary/index.html]
[bolt.eu/en-tz/cities/cherkasy/index.html]
[bolt.eu/en-tz/cities/chernihiv/index.html]
[bolt.eu/en-tz/cities/chernivtsi/index.html]
[bolt.eu/en-tz/cities/dnipro/index.html]
[bolt.eu/en-tz/cities/drohobych/index.html]
[bolt.eu/en-tz/cities/irpin/index.html]
[bolt.eu/en-tz/cities/ivano-frankivsk/index.html]
[bolt.eu/en-tz/cities/kamianets-podilskyi/index.html]
[bolt.eu/en-tz/cities/kamianske/index.html]
[bolt.eu/en-tz/cities/kharkiv/index.html]
[bolt.eu/en-tz/cities/khmelnytskyi/index.html]
[bolt.eu/en-tz/cities/kremenchuk/index.html]
[bolt.eu/en-tz/cities/kropyvnytskyi/index.html]
[bolt.eu/en-tz/cities/kryvyi-rih/index.html]
[bolt.eu/en-tz/cities/kyiv/index.html]
[bolt.eu/en-tz/cities/lutsk/index.html]
[bolt.eu/en-tz/cities/lviv/index.html]
[bolt.eu/en-tz/cities/mukachevo/index.html]
[bolt.eu/en-tz/cities/mykolaiv/index.html]
[bolt.eu/en-tz/cities/novomoskovsk/index.html]
[bolt.eu/en-tz/cities/odesa/index.html]
[bolt.eu/en-tz/cities/poltava/index.html]
[bolt.eu/en-tz/cities/rivne/index.html]
[bolt.eu/en-tz/cities/stryi/index.html]
[bolt.eu/en-tz/cities/sumy/index.html]
[bolt.eu/en-tz/cities/ternopil/index.html]
[bolt.eu/en-tz/cities/truskavets/index.html]
[bolt.eu/en-tz/cities/uzhhorod/index.html]
[bolt.eu/en-tz/cities/vinnytsia/index.html]
[bolt.eu/en-tz/cities/vyshhorod/index.html]
[bolt.eu/en-tz/cities/vyshneve/index.html]
[bolt.eu/en-tz/cities/zaporizhia/index.html]
[bolt.eu/en-tz/cities/zbarazh/index.html]
[bolt.eu/en-tz/cities/zdolbuniv/index.html]
[bolt.eu/en-tz/cities/zhytomyr/index.html]
[bolt.eu/en-tz/cities/accra/index.html]
[bolt.eu/en-tz/cities/cape-coast/index.html]
[bolt.eu/en-tz/cities/ho/index.html]
[bolt.eu/en-tz/cities/koforidua/index.html]
[bolt.eu/en-tz/cities/kumasi/index.html]
[bolt.eu/en-tz/cities/sunyani/index.html]
[bolt.eu/en-tz/cities/takoradi/index.html]
[bolt.eu/en-tz/cities/tamale/index.html]
[bolt.eu/en-tz/cities/diani/index.html]
[bolt.eu/en-tz/cities/eldoret/index.html]
[bolt.eu/en-tz/cities/embu/index.html]
[bolt.eu/en-tz/cities/kakamega/index.html]
[bolt.eu/en-tz/cities/karatina/index.html]
[bolt.eu/en-tz/cities/kilifi/index.html]
[bolt.eu/en-tz/cities/kisumu/index.html]
[bolt.eu/en-tz/cities/kitale/index.html]
[bolt.eu/en-tz/cities/malindi/index.html]
[bolt.eu/en-tz/cities/meru/index.html]
[bolt.eu/en-tz/cities/mombasa/index.html]
[bolt.eu/en-tz/cities/nairobi/index.html]
[bolt.eu/en-tz/cities/naivasha/index.html]
[bolt.eu/en-tz/cities/nakuru/index.html]
[bolt.eu/en-tz/cities/nanyuki/index.html]
[bolt.eu/en-tz/cities/nyeri/index.html]
[bolt.eu/en-tz/cities/thika/index.html]
[bolt.eu/en-tz/cities/aba/index.html]
[bolt.eu/en-tz/cities/abakaliki/index.html]
[bolt.eu/en-tz/cities/abeokuta/index.html]
[bolt.eu/en-tz/cities/abuja/index.html]
[bolt.eu/en-tz/cities/ado-ekiti/index.html]
[bolt.eu/en-tz/cities/akure/index.html]
[bolt.eu/en-tz/cities/asaba/index.html]
[bolt.eu/en-tz/cities/awka/index.html]
[bolt.eu/en-tz/cities/bauchi/index.html]
[bolt.eu/en-tz/cities/benin/index.html]
[bolt.eu/en-tz/cities/calabar/index.html]
[bolt.eu/en-tz/cities/enugu/index.html]
[bolt.eu/en-tz/cities/ibadan/index.html]
[bolt.eu/en-tz/cities/ilorin/index.html]
[bolt.eu/en-tz/cities/jos/index.html]
[bolt.eu/en-tz/cities/kaduna/index.html]
[bolt.eu/en-tz/cities/kano/index.html]
[bolt.eu/en-tz/cities/lafia/index.html]
[bolt.eu/en-tz/cities/lagos/index.html]
[bolt.eu/en-tz/cities/lokoja/index.html]
[bolt.eu/en-tz/cities/makurdi/index.html]
[bolt.eu/en-tz/cities/nnewi/index.html]
[bolt.eu/en-tz/cities/nsukka/index.html]
[bolt.eu/en-tz/cities/ondo/index.html]
[bolt.eu/en-tz/cities/onitsha/index.html]
[bolt.eu/en-tz/cities/osogbo/index.html]
[bolt.eu/en-tz/cities/owerri/index.html]
[bolt.eu/en-tz/cities/port-harcourt/index.html]
[bolt.eu/en-tz/cities/umuahia/index.html]
[bolt.eu/en-tz/cities/uyo/index.html]
[bolt.eu/en-tz/cities/warri/index.html]
[bolt.eu/en-tz/cities/yenagoa/index.html]
[bolt.eu/en-tz/cities/zaria/index.html]
[bolt.eu/en-tz/cities/sousse/index.html]
[bolt.eu/en-tz/cities/tunis/index.html]
[bolt.eu/en-tz/cities/arusha/index.html]
[bolt.eu/en-tz/cities/dar-es-salaam/index.html]
[bolt.eu/en-tz/cities/dodoma/index.html]
[bolt.eu/en-tz/cities/mwanza/index.html]
[bolt.eu/en-tz/cities/gulu/index.html]
[bolt.eu/en-tz/cities/kampala/index.html]
[bolt.eu/en-tz/cities/mbarara/index.html]
[bolt.eu/en-tz/cities/cape-town/index.html]
[bolt.eu/en-tz/cities/durban/index.html]
[bolt.eu/en-tz/cities/east-london/index.html]
[bolt.eu/en-tz/cities/emalahleni/index.html]
[bolt.eu/en-tz/cities/ermelo/index.html]
[bolt.eu/en-tz/cities/garden-route/index.html]
[bolt.eu/en-tz/cities/grahamstown/index.html]
[bolt.eu/en-tz/cities/johannesburg/index.html]
[bolt.eu/en-tz/cities/kimberley/index.html]
[bolt.eu/en-tz/cities/mbombela/index.html]
[bolt.eu/en-tz/cities/mthatha/index.html]
[bolt.eu/en-tz/cities/phuthaditjhaba/index.html]
[bolt.eu/en-tz/cities/pietermaritzburg/index.html]
[bolt.eu/en-tz/cities/polokwane/index.html]
[bolt.eu/en-tz/cities/port-elizabeth/index.html]
[bolt.eu/en-tz/cities/potchefstroom/index.html]
[bolt.eu/en-tz/cities/pretoria/index.html]
[bolt.eu/en-tz/cities/queenstown/index.html]
[bolt.eu/en-tz/cities/rustenburg/index.html]
[bolt.eu/en-tz/cities/thohoyandou/index.html]
[bolt.eu/en-tz/cities/upington/index.html]
[bolt.eu/en-tz/cities/welkom/index.html]
[bolt.eu/en-tz/cities/worcester/index.html]
[bolt.eu/en-tz/cities/baghdad/index.html]
[bolt.eu/en-tz/cities/beirut/index.html]
[images.ctfassets.net/tk7rwcciwvbq/3RVemuUfGUnehxSUe8PnRV/6f400916bc1ec668421b9c0135a7f39b/category-boda.png]
[images.ctfassets.net/tk7rwcciwvbq/1AkZa4gyYcdxHFvsvr59Pf/c8079276f4cf63cd0272eeae52ee10fc/category-tuktuk.png]
[bolt.eu/en-tz/cities/colombo/index.html]
[bolt.eu/en-tz/cities/kathmandu/index.html]
[bolt.eu/en-tz/cities/al-bahah/index.html]
[bolt.eu/en-tz/cities/al-jawf/index.html]
[bolt.eu/en-tz/cities/al-qaseem/index.html]
[bolt.eu/en-tz/cities/aseer/index.html]
[images.ctfassets.net/tk7rwcciwvbq/6XKSiOGZxNiVehMj1DZwUr/2b8d8853835f6d3564d24998d5686260/1454_1605604911864_945.png]
[bolt.eu/en-tz/cities/dammam/index.html]
[bolt.eu/en-tz/cities/hail/index.html]
[bolt.eu/en-tz/cities/jazan-province/index.html]
[bolt.eu/en-tz/cities/jeddah/index.html]
[bolt.eu/en-tz/cities/medina/index.html]
[bolt.eu/en-tz/cities/najran/index.html]
[bolt.eu/en-tz/cities/northern-province/index.html]
[bolt.eu/en-tz/cities/riyadh/index.html]
[bolt.eu/en-tz/cities/jazan/index.html]
[bolt.eu/en-tz/cities/tabuk/index.html]
[bolt.eu/en-tz/cities/bangkok/index.html]
[bolt.eu/en-tz/cities/chiangmai/index.html]
[bolt.eu/en-tz/cities/phuket/index.html]
[bolt.eu/en-tz/cities/guayaquil/index.html]
[bolt.eu/en-tz/cities/aguascalientes/index.html]
[bolt.eu/en-tz/cities/durango/index.html]
[bolt.eu/en-tz/cities/gomez-palacio/index.html]
[bolt.eu/en-tz/cities/guadalajara/index.html]
[bolt.eu/en-tz/cities/los-mochis/index.html]
[bolt.eu/en-tz/cities/mazatlan/index.html]
[bolt.eu/en-tz/cities/asuncion/index.html]
[bolt.eu/en-tz/cities/caaguazu/index.html]
[bolt.eu/en-tz/cities/ciudad-del-este/index.html]
[bolt.eu/en-tz/cities/coronel-oviedo/index.html]
[bolt.eu/en-tz/cities/encarnacion/index.html]
[bolt.eu/en-tz/cities/villarrica/index.html]
[bolt.eu/en-tz/cities/san-salvador/index.html]
[bolt.eu/static/888cf385c23fdb09455b68560a081585/19257/airports-contact-block.png]
[bolt.eu/en-tz/airports/acc/index.html]
[bolt.eu/en-tz/airports/kms/index.html]
[bolt.eu/en-tz/airports/tkd/index.html]
[bolt.eu/en-tz/airports/edl/index.html]
[bolt.eu/en-tz/airports/nbo/index.html]
[bolt.eu/en-tz/airports/kis/index.html]
[bolt.eu/en-tz/airports/myd/index.html]
[bolt.eu/en-tz/airports/mba/index.html]
[bolt.eu/en-tz/airports/wil/index.html]
[bolt.eu/en-tz/airports/enu/index.html]
[bolt.eu/en-tz/airports/quo/index.html]
[bolt.eu/en-tz/airports/bni/index.html]
[bolt.eu/en-tz/airports/kan/index.html]
[bolt.eu/en-tz/airports/cbq/index.html]
[bolt.eu/en-tz/airports/los/index.html]
[bolt.eu/en-tz/airports/abv/index.html]
[bolt.eu/en-tz/airports/phc/index.html]
[bolt.eu/en-tz/airports/qow/index.html]
[bolt.eu/en-tz/airports/cpt/index.html]
[bolt.eu/en-tz/airports/els/index.html]
[bolt.eu/en-tz/airports/dur/index.html]
[bolt.eu/en-tz/airports/mqp/index.html]
[bolt.eu/en-tz/airports/utt/index.html]
[bolt.eu/en-tz/airports/jnb/index.html]
[bolt.eu/en-tz/airports/pzb/index.html]
[bolt.eu/en-tz/airports/ptg/index.html]
[bolt.eu/en-tz/airports/plz/index.html]
[bolt.eu/en-tz/airports/nbe/index.html]
[bolt.eu/en-tz/airports/tun/index.html]
[bolt.eu/en-tz/airports/ebb/index.html]
[bolt.eu/en-tz/airports/bey/index.html]
[bolt.eu/en-tz/airports/jed/index.html]
[bolt.eu/en-tz/airports/ruh/index.html]
[bolt.eu/en-tz/airports/cnx/index.html]
[bolt.eu/en-tz/airports/bkk/index.html]
[bolt.eu/en-tz/airports/szg/index.html]
[bolt.eu/en-tz/airports/vie/index.html]
[bolt.eu/en-tz/airports/kvd/index.html]
[bolt.eu/en-tz/airports/gyd/index.html]
[bolt.eu/en-tz/airports/bru/index.html]
[bolt.eu/en-tz/airports/dbv/index.html]
[bolt.eu/en-tz/airports/zag/index.html]
[bolt.eu/en-tz/airports/osi/index.html]
[bolt.eu/en-tz/airports/puy/index.html]
[bolt.eu/en-tz/airports/rjk/index.html]
[bolt.eu/en-tz/airports/spu/index.html]
[bolt.eu/en-tz/airports/zad/index.html]
[bolt.eu/en-tz/airports/lca/index.html]
[bolt.eu/en-tz/airports/pfo/index.html]
[bolt.eu/en-tz/airports/brq/index.html]
[bolt.eu/en-tz/airports/osr/index.html]
[bolt.eu/en-tz/airports/prg/index.html]
[bolt.eu/en-tz/airports/ure/index.html]
[bolt.eu/en-tz/airports/epu/index.html]
[bolt.eu/en-tz/airports/tll/index.html]
[bolt.eu/en-tz/airports/tay/index.html]
[bolt.eu/en-tz/airports/hel/index.html]
[bolt.eu/en-tz/airports/bva/index.html]
[bolt.eu/en-tz/airports/cdg/index.html]
[bolt.eu/en-tz/airports/ory/index.html]
[bolt.eu/en-tz/airports/bod/index.html]
[bolt.eu/en-tz/airports/lil/index.html]
[bolt.eu/en-tz/airports/lys/index.html]
[bolt.eu/en-tz/airports/mrs/index.html]
[bolt.eu/en-tz/airports/nte/index.html]
[bolt.eu/en-tz/airports/nce/index.html]
[bolt.eu/en-tz/airports/rns/index.html]
[bolt.eu/en-tz/airports/sxb/index.html]
[bolt.eu/en-tz/airports/tls/index.html]
[bolt.eu/en-tz/airports/bus/index.html]
[bolt.eu/en-tz/airports/kut/index.html]
[bolt.eu/en-tz/airports/tbs/index.html]
[bolt.eu/en-tz/airports/ber/index.html]
[bolt.eu/en-tz/airports/cgn/index.html]
[bolt.eu/en-tz/airports/dus/index.html]
[bolt.eu/en-tz/airports/fra/index.html]
[bolt.eu/en-tz/airports/muc/index.html]
[bolt.eu/en-tz/airports/bud/index.html]
[bolt.eu/en-tz/airports/ork/index.html]
[bolt.eu/en-tz/airports/dub/index.html]
[bolt.eu/en-tz/airports/lpx/index.html]
[bolt.eu/en-tz/airports/rix/index.html]
[bolt.eu/en-tz/airports/kun/index.html]
[bolt.eu/en-tz/airports/plq/index.html]
[bolt.eu/en-tz/airports/vno/index.html]
[bolt.eu/en-tz/airports/mla/index.html]
[bolt.eu/en-tz/airports/ams/index.html]
[bolt.eu/en-tz/airports/ein/index.html]
[bolt.eu/en-tz/airports/rtm/index.html]
[bolt.eu/en-tz/airports/osl/index.html]
[bolt.eu/en-tz/airports/gdn/index.html]
[bolt.eu/en-tz/airports/krk/index.html]
[bolt.eu/en-tz/airports/luz/index.html]
[bolt.eu/en-tz/airports/ktw/index.html]
[bolt.eu/en-tz/airports/szy/index.html]
[bolt.eu/en-tz/airports/bzg/index.html]
[bolt.eu/en-tz/airports/poz/index.html]
[bolt.eu/en-tz/airports/rze/index.html]
[bolt.eu/en-tz/airports/szz/index.html]
[bolt.eu/en-tz/airports/waw/index.html]
[bolt.eu/en-tz/airports/wmi/index.html]
[bolt.eu/en-tz/airports/wro/index.html]
[bolt.eu/en-tz/airports/ieg/index.html]
[bolt.eu/en-tz/airports/lcj/index.html]
[bolt.eu/en-tz/airports/fao/index.html]
[bolt.eu/en-tz/airports/lis/index.html]
[bolt.eu/en-tz/airports/fnc/index.html]
[bolt.eu/en-tz/airports/opo/index.html]
[bolt.eu/en-tz/airports/arw/index.html]
[bolt.eu/en-tz/airports/bbu/index.html]
[bolt.eu/en-tz/airports/clj/index.html]
[bolt.eu/en-tz/airports/lrov/index.html]
[bolt.eu/en-tz/airports/cra/index.html]
[bolt.eu/en-tz/airports/otp/index.html]
[bolt.eu/en-tz/airports/ias/index.html]
[bolt.eu/en-tz/airports/bay/index.html]
[bolt.eu/en-tz/airports/omr/index.html]
[bolt.eu/en-tz/airports/sbz/index.html]
[bolt.eu/en-tz/airports/scv/index.html]
[bolt.eu/en-tz/airports/tsr/index.html]
[bolt.eu/en-tz/airports/ksc/index.html]
[bolt.eu/en-tz/airports/bts/index.html]
[bolt.eu/en-tz/airports/agp/index.html]
[bolt.eu/en-tz/airports/mad/index.html]
[bolt.eu/en-tz/airports/bcn/index.html]
[bolt.eu/en-tz/airports/svq/index.html]
[bolt.eu/en-tz/airports/bma/index.html]
[bolt.eu/en-tz/airports/got/index.html]
[bolt.eu/en-tz/airports/mmx/index.html]
[bolt.eu/en-tz/airports/arn/index.html]
[bolt.eu/en-tz/airports/bhx/index.html]
[bolt.eu/en-tz/airports/brs/index.html]
[bolt.eu/en-tz/airports/ema/index.html]
[bolt.eu/en-tz/airports/edi/index.html]
[bolt.eu/en-tz/airports/lcy/index.html]
[bolt.eu/en-tz/airports/lgw/index.html]
[bolt.eu/en-tz/airports/lhr/index.html]
[bolt.eu/en-tz/airports/ltn/index.html]
[bolt.eu/en-tz/airports/sen/index.html]
[bolt.eu/en-tz/airports/stn/index.html]
[bolt.eu/en-tz/airports/man/index.html]
[bolt.eu/en-tz/airports/ncl/index.html]
[bolt.eu/en-tz/airports/kbp/index.html]
[bolt.eu/en-tz/airports/dnk/index.html]
[bolt.eu/en-tz/airports/ozh/index.html]
[bolt.eu/en-tz/airports/ifo/index.html]
[bolt.eu/en-tz/airports/hrk/index.html]
[bolt.eu/en-tz/airports/iev/index.html]
[bolt.eu/en-tz/airports/lwo/index.html]
[bolt.eu/en-tz/airports/ztr/index.html]
[bolt.eu/en-tz/airports/ods/index.html]
[bolt.eu/en-tz/airports/plv/index.html]
[bolt.eu/en-tz/airports/umy/index.html]
[bolt.eu/en-tz/airports/vin/index.html]
[bolt.eu/en-tz/airports/gye/index.html]
[bolt.eu/en-tz/airports/agt/index.html]
[bolt.eu/en-tz/airports/asu/index.html]
[careers.bolt.eu/en/careers/assets/img/social-og-06d0dfac57b4bbfebf370b6e0a5de246.jpg]
[bolt.eu/en/careers/en/careers/assets/vendor-b3c2b920d0c61aef8d3b31399735c37d.html]
[bolt.eu/en/careers/en/careers/assets/taxify-careers-portal-394ed5c86736ed5d1bc705c655d7277f.html]
[connect.facebook.net/en_US/fbevents.js]
[bolt.eu/en/careers/en/careers/assets/vendor-30082300f1e5c49632f4ccc38eedf262.html]
[bolt.eu/en-tz/careers/index.html]
[bolt.eu/en-tz/careers/about-bolt/index.html]
[bolt.eu/en-tz/legal/tz/terms-for-drivers/index.html]
[bolt.eu/en-tz/legal/tz/old-terms-for-drivers/index.html]
[bolt.eu/en-tz/legal/tz/privacy-for-drivers/index.html]
[bolt.eu/en-tz/legal/tz/terms-for-riders/index.html]
[bolt.eu/en/careers/en/careers/assets/taxify-careers-portal-3218c6943a1afda9b9ff736e5a3515b2.html]
[bolt.eu/en-tz/legal/tz/privacy-for-riders/index.html]
[bolt.eu/en-tz/legal/tz/marketplace-guidelines-terms/index.html]
[bolt.eu/en-tz/legal/tz/privacy-for-riders/www.aki.html]
[a-to-b-destinations.bolt.eu/static/ea7ba3e1f8d9b6d6f0219f6dcb39e2be/fcb2f/og-img.jpg]
[bolt.eu/en-tz/cities/tallinn/route/a-terminal-to-ravi-18/index.html]
[bolt.eu/en-tz/cities/tallinn/route/a-terminal-to-baltic-station-market/index.html]
[bolt.eu/en-tz/cities/tallinn/route/a-terminal-to-port-of-tallinn-d-terminal/index.html]
[a-to-b-destinations.bolt.eu/polyfill-8e9f630f1855fa8e5e2c.js]
[bolt.eu/en-tz/cities/tallinn/route/a-terminal-to-baltic-station/index.html]
[bolt.eu/en-tz/cities/tallinn/route/a-terminal-to-viru-gate/index.html]
[bolt.eu/en-tz/cities/tallinn/route/a-terminal-to-t1-mall/index.html]
[bolt.eu/en-tz/cities/tallinn/route/a-terminal-to-vabaduse-valjak/index.html]
[bolt.eu/en-tz/cities/tallinn/route/a-terminal-to-ulemiste-keskus/index.html]
[bolt.eu/en-tz/cities/tallinn/route/a-terminal-to-telliskivi-creative-city/index.html]
[bolt.eu/en-tz/cities/tallinn/route/a-terminal-to-coca-cola-plaza/index.html]
[bolt.eu/en-tz/cities/tallinn/route/solarise-keskus-to-saku-suurhall/index.html]
[bolt.eu/en-tz/cities/tallinn/route/lasnamae-centrum-to-saku-suurhall/index.html]
[a-to-b-destinations.bolt.eu/app-3a299b37a252206ed7a4.js]
[bolt.eu/en-tz/cities/tallinn/route/viru-gate-to-saku-suurhall/index.html]
[bolt.eu/en-tz/cities/tallinn/route/tallinn-airport-to-saku-suurhall/index.html]
[bolt.eu/en-tz/cities/tallinn/route/nautica-to-saku-suurhall/index.html]
[bolt.eu/en-tz/cities/tallinn/route/port-of-tallinn-d-terminal-to-saku-suurhall/index.html]
[bolt.eu/en-tz/cities/tallinn/route/ulemiste-keskus-to-saku-suurhall/index.html]
[bolt.eu/en-tz/cities/tallinn/route/baltic-station-market-to-saku-suurhall/index.html]
[bolt.eu/en-tz/cities/tallinn/route/coca-cola-plaza-to-saku-suurhall/index.html]
[a-to-b-destinations.bolt.eu/framework-d9e95bc684763348995f.js]
[bolt.eu/en-tz/cities/tallinn/route/t1-mall-to-saku-suurhall/index.html]
[a-to-b-destinations.bolt.eu/webpack-runtime-95739f059211ad143a51.js]
[bolt.eu/en-tz/cities/tallinn/route/a-terminal-to-saku-suurhall/index.html]
[bolt.eu/en-tz/cities/tallinn/route/port-of-tallinn-d-terminal-to-baltic-station-market/index.html]
[bolt.eu/en-tz/cities/tallinn/route/port-of-tallinn-d-terminal-to-lasnamae-centrum/index.html]
[bolt.eu/en-tz/cities/tallinn/route/tallinn-bus-central-to-solarise-keskus/index.html]
[bolt.eu/en-tz/cities/tallinn/route/port-of-tallinn-d-terminal-to-coca-cola-plaza/index.html]
[bolt.eu/en-tz/cities/tallinn/route/port-of-tallinn-d-terminal-to-solarise-keskus/index.html]
[bolt.eu/en-tz/cities/tallinn/route/port-of-tallinn-d-terminal-to-viru-gate/index.html]
[bolt.eu/en-tz/cities/tallinn/route/port-of-tallinn-d-terminal-to-baltic-station/index.html]
[bolt.eu/en-tz/cities/tallinn/route/tallinn-bus-central-to-viru-gate/index.html]
[bolt.eu/en-tz/cities/tallinn/route/port-of-tallinn-d-terminal-to-pirita-beach/index.html]
[bolt.eu/en-tz/cities/tallinn/route/port-of-tallinn-d-terminal-to-tallinn-airport/index.html]
[bolt.eu/en-tz/cities/tallinn/route/port-of-tallinn-d-terminal-to-a-terminal/index.html]
[bolt.eu/en-tz/cities/tallinn/route/port-of-tallinn-d-terminal-to-ulemiste-keskus/index.html]
[bolt.eu/en-tz/cities/tallinn/route/port-of-tallinn-d-terminal-to-vabaduse-valjak/index.html]
[bolt.eu/en-tz/cities/tallinn/route/tallinn-bus-central-to-tallinn-airport/index.html]
[bolt.eu/en-tz/cities/tallinn/route/tallinn-airport-to-baltic-station-market/index.html]
[bolt.eu/en-tz/cities/tallinn/route/tallinn-bus-central-to-baltic-station-market/index.html]
[bolt.eu/en-tz/cities/tallinn/route/ulemiste-keskus-to-baltic-station-market/index.html]
[bolt.eu/en-tz/cities/tallinn/route/tallinn-bus-central-to-port-of-tallinn-d-terminal/index.html]
[bolt.eu/en-tz/cities/tallinn/route/ravi-18-to-baltic-station-market/index.html]
[bolt.eu/en-tz/cities/tallinn/route/nautica-to-baltic-station-market/index.html]
[bolt.eu/en-tz/cities/tallinn/route/viru-keskus-to-tallinn-bus-central/index.html]
[bolt.eu/en-tz/cities/tallinn/route/viru-gate-to-baltic-station-market/index.html]
[bolt.eu/en-tz/cities/tallinn/route/lasnamae-centrum-to-baltic-station-market/index.html]
[bolt.eu/en-tz/cities/tallinn/route/t1-mall-to-baltic-station-market/index.html]
[bolt.eu/en-tz/cities/tallinn/route/viru-keskus-to-baltic-station-market/index.html]
[bolt.eu/en-tz/cities/tallinn/route/tallinn-bus-central-to-baltic-station/index.html]
[bolt.eu/en-tz/cities/tallinn/route/t1-mall-to-tallinn-bus-central/index.html]
[bolt.eu/en-tz/cities/tallinn/route/tallinn-bus-central-to-ulemiste-keskus/index.html]
[bolt.eu/en-tz/cities/tallinn/route/tallinn-bus-central-to-vabaduse-valjak/index.html]
[bolt.eu/en-tz/cities/tallinn/route/tallinn-bus-central-to-a-terminal/index.html]
[bolt.eu/en-tz/cities/tallinn/route/tallinn-bus-central-to-saku-suurhall/index.html]
[bolt.eu/en-tz/cities/tallinn/route/tallinn-bus-central-to-viru-keskus/index.html]
[bolt.eu/en-tz/cities/tallinn/route/tallinn-bus-central-to-nautica/index.html]
[bolt.eu/en-tz/cities/tallinn/route/tallinn-bus-central-to-t1-mall/index.html]
[bolt.eu/en-tz/cities/tallinn/route/a-terminal-to-solarise-keskus/index.html]
[bolt.eu/en-tz/cities/tallinn/route/t1-mall-to-solarise-keskus/index.html]
[bolt.eu/en-tz/cities/tallinn/route/tallinn-airport-to-solarise-keskus/index.html]
[bolt.eu/en-tz/cities/tallinn/route/saku-suurhall-to-baltic-station-market/index.html]
[bolt.eu/en-tz/cities/tallinn/route/viru-keskus-to-solarise-keskus/index.html]
[bolt.eu/en-tz/cities/tallinn/route/nautica-to-solarise-keskus/index.html]
[bolt.eu/en-tz/cities/tallinn/route/vabaduse-valjak-to-solarise-keskus/index.html]
[bolt.eu/en-tz/cities/tallinn/route/ulemiste-keskus-to-solarise-keskus/index.html]
[bolt.eu/en-tz/cities/tallinn/route/coca-cola-plaza-to-solarise-keskus/index.html]
[bolt.eu/en/careers/en/careers/assets/vendor-b3c2b920d0c61aef8d3b31399735c37d.html]
[bolt.eu/en-tz/cities/tallinn/route/baltic-station-to-solarise-keskus/index.html]
[bolt.eu/en-tz/cities/tallinn/route/tallinn-bus-central-to-coca-cola-plaza/index.html]
[bolt.eu/en-tz/cities/tallinn/route/pirita-beach-to-solarise-keskus/index.html]
[bolt.eu/en-tz/cities/tallinn/route/tallinn-bus-central-to-rocca-al-mare-shopping-centre/index.html]
[bolt.eu/en/careers/en/careers/assets/taxify-careers-portal-394ed5c86736ed5d1bc705c655d7277f.html]
[bolt.eu/en-tz/cities/tallinn/route/tallinn-bus-central-to-pirita-beach/index.html]
[bolt.eu/en-tz/cities/tallinn/route/lasnamae-centrum-to-viru-gate/index.html]
[bolt.eu/en-tz/cities/tallinn/route/telliskivi-creative-city-to-viru-gate/index.html]
[bolt.eu/en-tz/cities/tallinn/route/baltic-station-to-viru-gate/index.html]
[bolt.eu/en-tz/cities/tallinn/route/viru-keskus-to-viru-gate/index.html]
[bolt.eu/en-tz/cities/tallinn/route/coca-cola-plaza-to-viru-gate/index.html]
[bolt.eu/en-tz/cities/tallinn/route/saku-suurhall-to-viru-gate/index.html]
[bolt.eu/en-tz/cities/tallinn/route/ravi-18-to-viru-gate/index.html]
[bolt.eu/en-tz/cities/tallinn/route/t1-mall-to-viru-gate/index.html]
[bolt.eu/en-tz/cities/tallinn/route/tallinn-airport-to-viru-gate/index.html]
[bolt.eu/en-tz/cities/tallinn/route/vabaduse-valjak-to-viru-gate/index.html]
[bolt.eu/en-tz/cities/tallinn/route/tallinn-bus-central-to-lasnamae-centrum/index.html]
[bolt.eu/en-tz/cities/tallinn/route/tallinn-bus-central-to-telliskivi-creative-city/index.html]
[bolt.eu/en-tz/cities/tallinn/route/t1-mall-to-tallinn-airport/index.html]
[bolt.eu/en-tz/cities/tallinn/route/viru-keskus-to-tallinn-airport/index.html]
[bolt.eu/en-tz/cities/tallinn/route/saku-suurhall-to-tallinn-airport/index.html]
[bolt.eu/en-tz/cities/tallinn/route/tallinn-bus-central-to-ravi-18/index.html]
[bolt.eu/en-tz/cities/tallinn/route/baltic-station-market-to-tallinn-airport/index.html]
[bolt.eu/en-tz/cities/tallinn/route/nautica-to-tallinn-airport/index.html]
[bolt.eu/en-tz/cities/tallinn/route/lasnamae-centrum-to-tallinn-airport/index.html]
[bolt.eu/en-tz/cities/tallinn/route/viru-gate-to-tallinn-airport/index.html]
[connect.facebook.net/en_US/fbevents.js]
[bolt.eu/en-tz/cities/tallinn/route/telliskivi-creative-city-to-tallinn-airport/index.html]
[bolt.eu/en/careers/en/careers/assets/vendor-30082300f1e5c49632f4ccc38eedf262.html]
[bolt.eu/en-tz/cities/tallinn/route/coca-cola-plaza-to-tallinn-airport/index.html]
[bolt.eu/en-tz/cities/tallinn/route/ulemiste-keskus-to-tallinn-airport/index.html]
[bolt.eu/en-tz/cities/tallinn/route/baltic-station-to-port-of-tallinn-d-terminal/index.html]
[bolt.eu/en/careers/en/careers/assets/taxify-careers-portal-3218c6943a1afda9b9ff736e5a3515b2.html]
[bolt.eu/en-tz/cities/tallinn/route/viru-gate-to-port-of-tallinn-d-terminal/index.html]
[bolt.eu/en-tz/cities/tallinn/route/viru-keskus-to-port-of-tallinn-d-terminal/index.html]
[bolt.eu/en-tz/cities/tallinn/route/ulemiste-keskus-to-port-of-tallinn-d-terminal/index.html]
[bolt.eu/en-tz/cities/tallinn/route/tallinn-airport-to-port-of-tallinn-d-terminal/index.html]
[bolt.eu/en-tz/legal/tz/privacy-for-riders/www.aki.html]
[bolt.eu/en-tz/cities/tallinn/route/coca-cola-plaza-to-port-of-tallinn-d-terminal/index.html]
[bolt.eu/en-tz/cities/tallinn/route/rocca-al-mare-shopping-centre-to-port-of-tallinn-d-terminal/index.html]
[bolt.eu/en-tz/cities/tallinn/route/a-terminal-to-ravi-18/index.html]
[bolt.eu/en-tz/cities/tallinn/route/pirita-beach-to-port-of-tallinn-d-terminal/index.html]
[bolt.eu/en-tz/cities/tallinn/route/vabaduse-valjak-to-port-of-tallinn-d-terminal/index.html]
[bolt.eu/en-tz/cities/tallinn/route/telliskivi-creative-city-to-port-of-tallinn-d-terminal/index.html]
[bolt.eu/en-tz/cities/tallinn/route/viru-keskus-to-ulemiste-keskus/index.html]
[bolt.eu/en-tz/cities/tallinn/route/a-terminal-to-baltic-station-market/index.html]
[bolt.eu/en-tz/cities/tallinn/route/viru-keskus-to-lasnamae-centrum/index.html]
[bolt.eu/en-tz/cities/tallinn/route/viru-keskus-to-vabaduse-valjak/index.html]
[bolt.eu/en-tz/cities/tallinn/route/viru-keskus-to-pirita-beach/index.html]
[bolt.eu/en-tz/cities/tallinn/route/viru-keskus-to-saku-suurhall/index.html]
[bolt.eu/en-tz/cities/tallinn/route/viru-keskus-to-rocca-al-mare-shopping-centre/index.html]
[bolt.eu/en-tz/cities/tallinn/route/a-terminal-to-baltic-station/index.html]
[bolt.eu/en-tz/cities/tallinn/route/viru-keskus-to-t1-mall/index.html]
[bolt.eu/en-tz/cities/tallinn/route/a-terminal-to-port-of-tallinn-d-terminal/index.html]
[bolt.eu/en-tz/cities/tallinn/route/viru-keskus-to-ravi-18/index.html]
[bolt.eu/en-tz/cities/tallinn/route/vabaduse-valjak-to-tallinn-bus-central/index.html]
[bolt.eu/en-tz/cities/tallinn/route/a-terminal-to-t1-mall/index.html]
[bolt.eu/en-tz/cities/tallinn/route/solarise-keskus-to-tallinn-bus-central/index.html]
[bolt.eu/en-tz/cities/tallinn/route/ravi-18-to-tallinn-bus-central/index.html]
[bolt.eu/en-tz/cities/tallinn/route/a-terminal-to-tallinn-bus-central/index.html]
[bolt.eu/en-tz/cities/tallinn/route/a-terminal-to-viru-gate/index.html]
[bolt.eu/en-tz/cities/tallinn/route/lasnamae-centrum-to-tallinn-bus-central/index.html]
[bolt.eu/en-tz/cities/tallinn/route/port-of-tallinn-d-terminal-to-tallinn-bus-central/index.html]
[bolt.eu/en-tz/cities/tallinn/route/telliskivi-creative-city-to-tallinn-bus-central/index.html]
[bolt.eu/en-tz/cities/tallinn/route/a-terminal-to-telliskivi-creative-city/index.html]
[bolt.eu/en-tz/cities/tallinn/route/ulemiste-keskus-to-tallinn-bus-central/index.html]
[bolt.eu/en-tz/cities/tallinn/route/baltic-station-market-to-tallinn-bus-central/index.html]
[bolt.eu/en-tz/cities/tallinn/route/t1-mall-to-lasnamae-centrum/index.html]
[bolt.eu/en-tz/cities/tallinn/route/t1-mall-to-viru-keskus/index.html]
[bolt.eu/en-tz/cities/tallinn/route/a-terminal-to-ulemiste-keskus/index.html]
[bolt.eu/en-tz/cities/tallinn/route/t1-mall-to-pirita-beach/index.html]
[bolt.eu/en-tz/cities/tallinn/route/t1-mall-to-telliskivi-creative-city/index.html]
[bolt.eu/en-tz/cities/tallinn/route/t1-mall-to-nautica/index.html]
[bolt.eu/en-tz/cities/tallinn/route/a-terminal-to-vabaduse-valjak/index.html]
[bolt.eu/en-tz/cities/tallinn/route/t1-mall-to-coca-cola-plaza/index.html]
[bolt.eu/en-tz/cities/tallinn/route/t1-mall-to-ulemiste-keskus/index.html]
[bolt.eu/en-tz/cities/tallinn/route/tallinn-airport-to-tallinn-bus-central/index.html]
[bolt.eu/en-tz/cities/tallinn/route/t1-mall-to-baltic-station/index.html]
[bolt.eu/en-tz/cities/tallinn/route/saku-suurhall-to-tallinn-bus-central/index.html]
[bolt.eu/en-tz/cities/tallinn/route/a-terminal-to-coca-cola-plaza/index.html]
[bolt.eu/en-tz/cities/tallinn/route/baltic-station-to-tallinn-bus-central/index.html]
[bolt.eu/en-tz/cities/tallinn/route/lasnamae-centrum-to-saku-suurhall/index.html]
[bolt.eu/en-tz/cities/tallinn/route/viru-gate-to-tallinn-bus-central/index.html]
[bolt.eu/en-tz/cities/tallinn/route/pirita-beach-to-viru-keskus/index.html]
[bolt.eu/en-tz/cities/tallinn/route/coca-cola-plaza-to-viru-keskus/index.html]
[bolt.eu/en-tz/cities/tallinn/route/tallinn-airport-to-viru-keskus/index.html]
[bolt.eu/en-tz/cities/tallinn/route/solarise-keskus-to-saku-suurhall/index.html]
[bolt.eu/en-tz/cities/tallinn/route/saku-suurhall-to-viru-keskus/index.html]
[bolt.eu/en-tz/cities/tallinn/route/ulemiste-keskus-to-viru-keskus/index.html]
[bolt.eu/en-tz/cities/tallinn/route/nautica-to-viru-keskus/index.html]
[bolt.eu/en-tz/cities/tallinn/route/viru-gate-to-viru-keskus/index.html]
[bolt.eu/en-tz/cities/tallinn/route/viru-gate-to-saku-suurhall/index.html]
[bolt.eu/en-tz/cities/tallinn/route/tallinn-airport-to-saku-suurhall/index.html]
[bolt.eu/en-tz/cities/tallinn/route/lasnamae-centrum-to-viru-keskus/index.html]
[bolt.eu/en-tz/cities/tallinn/route/rocca-al-mare-shopping-centre-to-viru-keskus/index.html]
[bolt.eu/en-tz/cities/tallinn/route/saku-suurhall-to-ravi-18/index.html]
[bolt.eu/en-tz/cities/tallinn/route/saku-suurhall-to-coca-cola-plaza/index.html]
[bolt.eu/en-tz/cities/tallinn/route/port-of-tallinn-d-terminal-to-saku-suurhall/index.html]
[bolt.eu/en-tz/cities/tallinn/route/saku-suurhall-to-ulemiste-keskus/index.html]
[bolt.eu/en-tz/cities/tallinn/route/saku-suurhall-to-solarise-keskus/index.html]
[bolt.eu/en-tz/cities/tallinn/route/saku-suurhall-to-a-terminal/index.html]
[bolt.eu/en-tz/cities/tallinn/route/saku-suurhall-to-telliskivi-creative-city/index.html]
[bolt.eu/en-tz/cities/tallinn/route/nautica-to-saku-suurhall/index.html]
[bolt.eu/en-tz/cities/tallinn/route/saku-suurhall-to-nautica/index.html]
[bolt.eu/en-tz/cities/tallinn/route/telliskivi-creative-city-to-baltic-station-market/index.html]
[bolt.eu/en-tz/cities/tallinn/route/saku-suurhall-to-lasnamae-centrum/index.html]
[bolt.eu/en-tz/cities/tallinn/route/ulemiste-keskus-to-saku-suurhall/index.html]
[bolt.eu/en-tz/cities/tallinn/route/pirita-beach-to-baltic-station-market/index.html]
[bolt.eu/en-tz/cities/tallinn/route/solarise-keskus-to-baltic-station-market/index.html]
[bolt.eu/en-tz/cities/tallinn/route/baltic-station-to-baltic-station-market/index.html]
[bolt.eu/en-tz/careers/c/index.html]
[bolt.eu/en-tz/cities/tallinn/route/coca-cola-plaza-to-saku-suurhall/index.html]
[bolt.eu/en-tz/careers/b/index.html]
[bolt.eu/en-tz/cities/tallinn/route/baltic-station-market-to-saku-suurhall/index.html]
[bolt.eu/en-tz/careers/POST/index.html]
[bolt.eu/en-tz/cities/tallinn/route/a-terminal-to-viru-keskus/index.html]
[bolt.eu/en-tz/cities/tallinn/route/t1-mall-to-saku-suurhall/index.html]
[bolt.eu/en-tz/cities/tallinn/route/baltic-station-market-to-ravi-18/index.html]
[bolt.eu/en-tz/cities/tallinn/route/a-terminal-to-tallinn-airport/index.html]
[bolt.eu/en-tz/cities/tallinn/route/nautica-to-ravi-18/index.html]
[bolt.eu/en-tz/cities/tallinn/route/baltic-station-to-ravi-18/index.html]
[bolt.eu/en-tz/cities/tallinn/route/a-terminal-to-rocca-al-mare-shopping-centre/index.html]
[bolt.eu/en-tz/cities/tallinn/route/solarise-keskus-to-ravi-18/index.html]
[bolt.eu/en-tz/cities/tallinn/route/port-of-tallinn-d-terminal-to-lasnamae-centrum/index.html]
[bolt.eu/en-tz/cities/tallinn/route/lasnamae-centrum-to-ravi-18/index.html]
[bolt.eu/en-tz/cities/tallinn/route/port-of-tallinn-d-terminal-to-ravi-18/index.html]
[bolt.eu/en-tz/cities/tallinn/route/vabaduse-valjak-to-ravi-18/index.html]
[bolt.eu/en-tz/cities/tallinn/route/port-of-tallinn-d-terminal-to-coca-cola-plaza/index.html]
[bolt.eu/en-tz/cities/tallinn/route/telliskivi-creative-city-to-ravi-18/index.html]
[bolt.eu/en-tz/cities/tallinn/route/a-terminal-to-lasnamae-centrum/index.html]
[bolt.eu/en-tz/cities/tallinn/route/port-of-tallinn-d-terminal-to-solarise-keskus/index.html]
[bolt.eu/en-tz/cities/tallinn/route/coca-cola-plaza-to-baltic-station-market/index.html]
[bolt.eu/en-tz/cities/tallinn/route/a-terminal-to-nautica/index.html]
[bolt.eu/en-tz/cities/tallinn/route/a-terminal-to-pirita-beach/index.html]
[bolt.eu/en-tz/cities/tallinn/route/viru-keskus-to-baltic-station/index.html]
[bolt.eu/en-tz/cities/tallinn/route/port-of-tallinn-d-terminal-to-baltic-station/index.html]
[bolt.eu/en-tz/cities/tallinn/route/ravi-18-to-baltic-station/index.html]
[bolt.eu/en-tz/cities/tallinn/route/rocca-al-mare-shopping-centre-to-baltic-station/index.html]
[bolt.eu/en-tz/cities/tallinn/route/saku-suurhall-to-baltic-station/index.html]
[bolt.eu/en-tz/cities/tallinn/route/ulemiste-keskus-to-baltic-station/index.html]
[bolt.eu/en-tz/cities/tallinn/route/baltic-station-market-to-baltic-station/index.html]
[bolt.eu/en-tz/cities/tallinn/route/port-of-tallinn-d-terminal-to-viru-gate/index.html]
[bolt.eu/en-tz/cities/tallinn/route/tallinn-airport-to-baltic-station/index.html]
[bolt.eu/en-tz/cities/tallinn/route/lasnamae-centrum-to-port-of-tallinn-d-terminal/index.html]
[bolt.eu/en-tz/cities/tallinn/route/saku-suurhall-to-port-of-tallinn-d-terminal/index.html]
[bolt.eu/en-tz/cities/tallinn/route/port-of-tallinn-d-terminal-to-pirita-beach/index.html]
[bolt.eu/en-tz/cities/tallinn/route/t1-mall-to-port-of-tallinn-d-terminal/index.html]
[bolt.eu/en-tz/cities/tallinn/route/port-of-tallinn-d-terminal-to-a-terminal/index.html]
[bolt.eu/en-tz/cities/tallinn/route/ravi-18-to-port-of-tallinn-d-terminal/index.html]
[bolt.eu/en-tz/cities/tallinn/route/baltic-station-to-t1-mall/index.html]
[bolt.eu/en-tz/cities/tallinn/route/ulemiste-keskus-to-t1-mall/index.html]
[bolt.eu/en-tz/cities/tallinn/route/coca-cola-plaza-to-t1-mall/index.html]
[bolt.eu/en-tz/cities/tallinn/route/port-of-tallinn-d-terminal-to-tallinn-airport/index.html]
[bolt.eu/en-tz/cities/tallinn/route/port-of-tallinn-d-terminal-to-ulemiste-keskus/index.html]
[bolt.eu/en-tz/cities/tallinn/route/rocca-al-mare-shopping-centre-to-t1-mall/index.html]
[bolt.eu/en-tz/cities/tallinn/route/port-of-tallinn-d-terminal-to-vabaduse-valjak/index.html]
[bolt.eu/en-tz/cities/tallinn/route/baltic-station-market-to-t1-mall/index.html]
[bolt.eu/en-tz/cities/tallinn/route/tallinn-airport-to-t1-mall/index.html]
[bolt.eu/en-tz/cities/tallinn/route/port-of-tallinn-d-terminal-to-t1-mall/index.html]
[bolt.eu/en-tz/cities/tallinn/route/nautica-to-t1-mall/index.html]
[bolt.eu/en-tz/cities/tallinn/route/telliskivi-creative-city-to-t1-mall/index.html]
[bolt.eu/en-tz/cities/tallinn/route/tallinn-bus-central-to-baltic-station-market/index.html]
[bolt.eu/en-tz/cities/tallinn/route/ulemiste-keskus-to-viru-gate/index.html]
[bolt.eu/en-tz/cities/tallinn/route/nautica-to-viru-gate/index.html]
[bolt.eu/en-tz/cities/tallinn/route/port-of-tallinn-d-terminal-to-telliskivi-creative-city/index.html]
[bolt.eu/en-tz/cities/tallinn/route/pirita-beach-to-viru-gate/index.html]
[bolt.eu/en-tz/cities/tallinn/route/solarise-keskus-to-telliskivi-creative-city/index.html]
[bolt.eu/en-tz/cities/tallinn/route/tallinn-airport-to-baltic-station-market/index.html]
[bolt.eu/en-tz/cities/tallinn/route/vabaduse-valjak-to-telliskivi-creative-city/index.html]
[bolt.eu/en-tz/cities/tallinn/route/viru-gate-to-telliskivi-creative-city/index.html]
[bolt.eu/en-tz/cities/tallinn/route/ravi-18-to-telliskivi-creative-city/index.html]
[bolt.eu/en-tz/cities/tallinn/route/tallinn-airport-to-telliskivi-creative-city/index.html]
[bolt.eu/en-tz/cities/tallinn/route/ulemiste-keskus-to-baltic-station-market/index.html]
[bolt.eu/en-tz/cities/tallinn/route/baltic-station-market-to-telliskivi-creative-city/index.html]
[bolt.eu/en-tz/cities/tallinn/route/solarise-keskus-to-ulemiste-keskus/index.html]
[bolt.eu/en-tz/cities/tallinn/route/ravi-18-to-baltic-station-market/index.html]
[bolt.eu/en-tz/cities/tallinn/route/rocca-al-mare-shopping-centre-to-ulemiste-keskus/index.html]
[bolt.eu/en-tz/cities/tallinn/route/lasnamae-centrum-to-ulemiste-keskus/index.html]
[bolt.eu/en-tz/cities/tallinn/route/nautica-to-ulemiste-keskus/index.html]
[bolt.eu/en-tz/cities/tallinn/route/coca-cola-plaza-to-ulemiste-keskus/index.html]
[bolt.eu/en-tz/cities/tallinn/route/nautica-to-baltic-station-market/index.html]
[bolt.eu/en-tz/cities/tallinn/route/ravi-18-to-ulemiste-keskus/index.html]
[bolt.eu/en-tz/cities/tallinn/route/tallinn-airport-to-ulemiste-keskus/index.html]
[bolt.eu/en-tz/cities/tallinn/route/lasnamae-centrum-to-vabaduse-valjak/index.html]
[bolt.eu/en-tz/cities/tallinn/route/baltic-station-market-to-ulemiste-keskus/index.html]
[bolt.eu/en-tz/cities/tallinn/route/viru-gate-to-baltic-station-market/index.html]
[bolt.eu/en-tz/cities/tallinn/route/ravi-18-to-vabaduse-valjak/index.html]
[bolt.eu/en-tz/cities/tallinn/route/telliskivi-creative-city-to-vabaduse-valjak/index.html]
[bolt.eu/en-tz/cities/tallinn/route/saku-suurhall-to-vabaduse-valjak/index.html]
[bolt.eu/en-tz/cities/tallinn/route/lasnamae-centrum-to-baltic-station-market/index.html]
[bolt.eu/en-tz/cities/tallinn/route/tallinn-airport-to-vabaduse-valjak/index.html]
[bolt.eu/en-tz/cities/tallinn/route/nautica-to-vabaduse-valjak/index.html]
[bolt.eu/en-tz/cities/tallinn/route/t1-mall-to-baltic-station-market/index.html]
[bolt.eu/en-tz/cities/tallinn/route/rocca-al-mare-shopping-centre-to-vabaduse-valjak/index.html]
[bolt.eu/en-tz/cities/tallinn/route/ulemiste-keskus-to-vabaduse-valjak/index.html]
[bolt.eu/en-tz/cities/tallinn/route/baltic-station-to-vabaduse-valjak/index.html]
[bolt.eu/en-tz/cities/tallinn/route/lasnamae-centrum-to-coca-cola-plaza/index.html]
[bolt.eu/en-tz/cities/tallinn/route/solarise-keskus-to-coca-cola-plaza/index.html]
[bolt.eu/en-tz/cities/tallinn/route/vabaduse-valjak-to-coca-cola-plaza/index.html]
[bolt.eu/en-tz/cities/tallinn/route/viru-keskus-to-baltic-station-market/index.html]
[bolt.eu/en-tz/cities/tallinn/route/viru-gate-to-coca-cola-plaza/index.html]
[bolt.eu/en-tz/cities/tallinn/route/baltic-station-to-coca-cola-plaza/index.html]
[bolt.eu/en-tz/cities/tallinn/route/tallinn-airport-to-coca-cola-plaza/index.html]
[bolt.eu/en-tz/cities/tallinn/route/lasnamae-centrum-to-solarise-keskus/index.html]
[bolt.eu/en-tz/cities/tallinn/route/tallinn-bus-central-to-baltic-station/index.html]
[bolt.eu/en-tz/cities/tallinn/route/lasnamae-centrum-to-telliskivi-creative-city/index.html]
[bolt.eu/en-tz/cities/tallinn/route/lasnamae-centrum-to-a-terminal/index.html]
[bolt.eu/en-tz/cities/tallinn/route/lasnamae-centrum-to-rocca-al-mare-shopping-centre/index.html]
[bolt.eu/en-tz/cities/tallinn/route/lasnamae-centrum-to-t1-mall/index.html]
[bolt.eu/en-tz/cities/tallinn/route/tallinn-bus-central-to-ulemiste-keskus/index.html]
[bolt.eu/en-tz/cities/tallinn/route/ravi-18-to-saku-suurhall/index.html]
[bolt.eu/en-tz/cities/tallinn/route/solarise-keskus-to-port-of-tallinn-d-terminal/index.html]
[bolt.eu/en-tz/cities/tallinn/route/tallinn-bus-central-to-a-terminal/index.html]
[bolt.eu/en-tz/cities/tallinn/route/solarise-keskus-to-baltic-station/index.html]
[bolt.eu/en-tz/cities/tallinn/route/telliskivi-creative-city-to-saku-suurhall/index.html]
[bolt.eu/en-tz/cities/tallinn/route/solarise-keskus-to-viru-gate/index.html]
[bolt.eu/en-tz/cities/tallinn/route/tallinn-bus-central-to-vabaduse-valjak/index.html]
[bolt.eu/en-tz/cities/tallinn/route/tallinn-bus-central-to-saku-suurhall/index.html]
[bolt.eu/en-tz/cities/tallinn/route/tallinn-bus-central-to-t1-mall/index.html]
[bolt.eu/en-tz/cities/tallinn/route/solarise-keskus-to-rocca-al-mare-shopping-centre/index.html]
[bolt.eu/en-tz/cities/tallinn/route/tallinn-bus-central-to-nautica/index.html]
[bolt.eu/en-tz/cities/tallinn/route/a-terminal-to-solarise-keskus/index.html]
[bolt.eu/en-tz/cities/tallinn/route/t1-mall-to-solarise-keskus/index.html]
[bolt.eu/en-tz/cities/tallinn/route/solarise-keskus-to-pirita-beach/index.html]
[bolt.eu/en-tz/cities/tallinn/route/tallinn-airport-to-solarise-keskus/index.html]
[bolt.eu/en-tz/cities/tallinn/route/nautica-to-solarise-keskus/index.html]
[bolt.eu/en-tz/cities/tallinn/route/viru-keskus-to-solarise-keskus/index.html]
[bolt.eu/en-tz/cities/tallinn/route/vabaduse-valjak-to-solarise-keskus/index.html]
[bolt.eu/en-tz/cities/tallinn/route/ulemiste-keskus-to-solarise-keskus/index.html]
[bolt.eu/en-tz/cities/tallinn/route/coca-cola-plaza-to-solarise-keskus/index.html]
[bolt.eu/en-tz/cities/tallinn/route/pirita-beach-to-solarise-keskus/index.html]
[bolt.eu/en-tz/cities/tallinn/route/baltic-station-to-solarise-keskus/index.html]
[bolt.eu/en-tz/cities/tallinn/route/tallinn-bus-central-to-coca-cola-plaza/index.html]
[bolt.eu/en-tz/cities/tallinn/route/tallinn-bus-central-to-rocca-al-mare-shopping-centre/index.html]
[bolt.eu/en-tz/cities/tallinn/route/tallinn-bus-central-to-pirita-beach/index.html]
[bolt.eu/en-tz/cities/tallinn/route/baltic-station-to-viru-gate/index.html]
[bolt.eu/en-tz/cities/tallinn/route/telliskivi-creative-city-to-viru-gate/index.html]
[bolt.eu/en-tz/cities/tallinn/route/lasnamae-centrum-to-viru-gate/index.html]
[bolt.eu/en-tz/cities/tallinn/route/viru-keskus-to-viru-gate/index.html]
[bolt.eu/en-tz/cities/tallinn/route/saku-suurhall-to-viru-gate/index.html]
[bolt.eu/en-tz/cities/tallinn/route/coca-cola-plaza-to-viru-gate/index.html]
[bolt.eu/en-tz/cities/tallinn/route/ravi-18-to-viru-gate/index.html]
[bolt.eu/en-tz/cities/tallinn/route/t1-mall-to-viru-gate/index.html]
[bolt.eu/en-tz/cities/tallinn/route/tallinn-airport-to-viru-gate/index.html]
[bolt.eu/en-tz/cities/tallinn/route/vabaduse-valjak-to-viru-gate/index.html]
[bolt.eu/en-tz/cities/tallinn/route/tallinn-bus-central-to-lasnamae-centrum/index.html]
[bolt.eu/en-tz/cities/tallinn/route/tallinn-bus-central-to-ravi-18/index.html]
[bolt.eu/en-tz/cities/tallinn/route/tallinn-bus-central-to-telliskivi-creative-city/index.html]
[bolt.eu/en-tz/cities/tallinn/route/t1-mall-to-tallinn-airport/index.html]
[bolt.eu/en-tz/cities/tallinn/route/viru-keskus-to-tallinn-airport/index.html]
[bolt.eu/en-tz/cities/tallinn/route/saku-suurhall-to-tallinn-airport/index.html]
[bolt.eu/en-tz/cities/tallinn/route/baltic-station-market-to-tallinn-airport/index.html]
[bolt.eu/en-tz/cities/tallinn/route/viru-gate-to-tallinn-airport/index.html]
[bolt.eu/en-tz/cities/tallinn/route/lasnamae-centrum-to-tallinn-airport/index.html]
[bolt.eu/en-tz/cities/tallinn/route/nautica-to-tallinn-airport/index.html]
[bolt.eu/en-tz/cities/tallinn/route/telliskivi-creative-city-to-tallinn-airport/index.html]
[bolt.eu/en-tz/cities/tallinn/route/coca-cola-plaza-to-tallinn-airport/index.html]
[bolt.eu/en-tz/cities/tallinn/route/ulemiste-keskus-to-tallinn-airport/index.html]
[bolt.eu/en-tz/cities/tallinn/route/baltic-station-to-port-of-tallinn-d-terminal/index.html]
[bolt.eu/en-tz/cities/tallinn/route/viru-keskus-to-port-of-tallinn-d-terminal/index.html]
[bolt.eu/en-tz/cities/tallinn/route/viru-gate-to-port-of-tallinn-d-terminal/index.html]
[bolt.eu/en-tz/cities/tallinn/route/ulemiste-keskus-to-port-of-tallinn-d-terminal/index.html]
[bolt.eu/en-tz/cities/tallinn/route/tallinn-airport-to-port-of-tallinn-d-terminal/index.html]
[bolt.eu/en-tz/cities/tallinn/route/coca-cola-plaza-to-port-of-tallinn-d-terminal/index.html]
[bolt.eu/en-tz/cities/tallinn/route/rocca-al-mare-shopping-centre-to-port-of-tallinn-d-terminal/index.html]
[bolt.eu/en-tz/cities/tallinn/route/pirita-beach-to-port-of-tallinn-d-terminal/index.html]
[bolt.eu/en-tz/cities/tallinn/route/vabaduse-valjak-to-port-of-tallinn-d-terminal/index.html]
[bolt.eu/en-tz/cities/tallinn/route/telliskivi-creative-city-to-port-of-tallinn-d-terminal/index.html]
[bolt.eu/en-tz/cities/tallinn/route/viru-keskus-to-ulemiste-keskus/index.html]
[bolt.eu/en-tz/cities/tallinn/route/viru-keskus-to-lasnamae-centrum/index.html]
[bolt.eu/en-tz/cities/tallinn/route/viru-keskus-to-rocca-al-mare-shopping-centre/index.html]
[bolt.eu/en-tz/cities/tallinn/route/viru-keskus-to-vabaduse-valjak/index.html]
[bolt.eu/en-tz/cities/tallinn/route/viru-keskus-to-pirita-beach/index.html]
[bolt.eu/en-tz/cities/tallinn/route/viru-keskus-to-saku-suurhall/index.html]
[bolt.eu/en-tz/cities/tallinn/route/viru-keskus-to-t1-mall/index.html]
[bolt.eu/en-tz/cities/tallinn/route/viru-keskus-to-ravi-18/index.html]
